Archive member included to satisfy reference by file (symbol)

c:/mounriver/mounriver_studio/toolchain/risc-v embedded gcc/bin/../lib/gcc/riscv-none-embed/8.2.0/rv32imac/ilp32\libgcc.a(save-restore.o)
                              ./User/main.o (__riscv_save_12)

Discarded input sections

 .text          0x0000000000000000        0x0 ./User/ch32v10x_it.o
 .data          0x0000000000000000        0x0 ./User/ch32v10x_it.o
 .bss           0x0000000000000000        0x0 ./User/ch32v10x_it.o
 .text          0x0000000000000000        0x0 ./User/main.o
 .data          0x0000000000000000        0x0 ./User/main.o
 .bss           0x0000000000000000        0x0 ./User/main.o
 .sbss.ADDR12_line
                0x0000000000000000        0x1 ./User/main.o
 .sbss.file_len
                0x0000000000000000        0x2 ./User/main.o
 .text          0x0000000000000000        0x0 ./User/system_ch32v10x.o
 .data          0x0000000000000000        0x0 ./User/system_ch32v10x.o
 .bss           0x0000000000000000        0x0 ./User/system_ch32v10x.o
 .text.SystemCoreClockUpdate
                0x0000000000000000       0x8a ./User/system_ch32v10x.o
 .data.AHBPrescTable
                0x0000000000000000       0x10 ./User/system_ch32v10x.o
 .text          0x0000000000000000        0x0 ./Startup/startup_ch32v10x.o
 .data          0x0000000000000000        0x0 ./Startup/startup_ch32v10x.o
 .bss           0x0000000000000000        0x0 ./Startup/startup_ch32v10x.o
 .text          0x0000000000000000        0x0 ./Peripheral/src/ch32v10x_adc.o
 .data          0x0000000000000000        0x0 ./Peripheral/src/ch32v10x_adc.o
 .bss           0x0000000000000000        0x0 ./Peripheral/src/ch32v10x_adc.o
 .text.ADC_DeInit
                0x0000000000000000       0x3a ./Peripheral/src/ch32v10x_adc.o
 .text.ADC_Init
                0x0000000000000000       0x50 ./Peripheral/src/ch32v10x_adc.o
 .text.ADC_StructInit
                0x0000000000000000       0x1c ./Peripheral/src/ch32v10x_adc.o
 .text.ADC_Cmd  0x0000000000000000       0x10 ./Peripheral/src/ch32v10x_adc.o
 .text.ADC_DMACmd
                0x0000000000000000       0x12 ./Peripheral/src/ch32v10x_adc.o
 .text.ADC_ITConfig
                0x0000000000000000       0x16 ./Peripheral/src/ch32v10x_adc.o
 .text.ADC_ResetCalibration
                0x0000000000000000        0xa ./Peripheral/src/ch32v10x_adc.o
 .text.ADC_GetResetCalibrationStatus
                0x0000000000000000        0x8 ./Peripheral/src/ch32v10x_adc.o
 .text.ADC_StartCalibration
                0x0000000000000000        0xa ./Peripheral/src/ch32v10x_adc.o
 .text.ADC_GetCalibrationStatus
                0x0000000000000000        0x8 ./Peripheral/src/ch32v10x_adc.o
 .text.ADC_SoftwareStartConvCmd
                0x0000000000000000       0x18 ./Peripheral/src/ch32v10x_adc.o
 .text.ADC_GetSoftwareStartConvStatus
                0x0000000000000000        0x8 ./Peripheral/src/ch32v10x_adc.o
 .text.ADC_DiscModeChannelCountConfig
                0x0000000000000000       0x12 ./Peripheral/src/ch32v10x_adc.o
 .text.ADC_DiscModeCmd
                0x0000000000000000       0x1a ./Peripheral/src/ch32v10x_adc.o
 .text.ADC_RegularChannelConfig
                0x0000000000000000       0xb8 ./Peripheral/src/ch32v10x_adc.o
 .text.ADC_ExternalTrigConvCmd
                0x0000000000000000       0x18 ./Peripheral/src/ch32v10x_adc.o
 .text.ADC_GetConversionValue
                0x0000000000000000        0x8 ./Peripheral/src/ch32v10x_adc.o
 .text.ADC_GetDualModeConversionValue
                0x0000000000000000        0xa ./Peripheral/src/ch32v10x_adc.o
 .text.ADC_AutoInjectedConvCmd
                0x0000000000000000       0x12 ./Peripheral/src/ch32v10x_adc.o
 .text.ADC_InjectedDiscModeCmd
                0x0000000000000000       0x14 ./Peripheral/src/ch32v10x_adc.o
 .text.ADC_ExternalTrigInjectedConvConfig
                0x0000000000000000        0xe ./Peripheral/src/ch32v10x_adc.o
 .text.ADC_ExternalTrigInjectedConvCmd
                0x0000000000000000       0x14 ./Peripheral/src/ch32v10x_adc.o
 .text.ADC_SoftwareStartInjectedConvCmd
                0x0000000000000000       0x18 ./Peripheral/src/ch32v10x_adc.o
 .text.ADC_GetSoftwareStartInjectedConvCmdStatus
                0x0000000000000000        0x8 ./Peripheral/src/ch32v10x_adc.o
 .text.ADC_InjectedChannelConfig
                0x0000000000000000       0x7a ./Peripheral/src/ch32v10x_adc.o
 .text.ADC_InjectedSequencerLengthConfig
                0x0000000000000000       0x14 ./Peripheral/src/ch32v10x_adc.o
 .text.ADC_SetInjectedOffset
                0x0000000000000000       0x14 ./Peripheral/src/ch32v10x_adc.o
 .text.ADC_GetInjectedConversionValue
                0x0000000000000000       0x1c ./Peripheral/src/ch32v10x_adc.o
 .text.ADC_AnalogWatchdogCmd
                0x0000000000000000       0x12 ./Peripheral/src/ch32v10x_adc.o
 .text.ADC_AnalogWatchdogThresholdsConfig
                0x0000000000000000        0x6 ./Peripheral/src/ch32v10x_adc.o
 .text.ADC_AnalogWatchdogSingleChannelConfig
                0x0000000000000000        0xa ./Peripheral/src/ch32v10x_adc.o
 .text.ADC_TempSensorVrefintCmd
                0x0000000000000000       0x20 ./Peripheral/src/ch32v10x_adc.o
 .text.ADC_GetFlagStatus
                0x0000000000000000        0xa ./Peripheral/src/ch32v10x_adc.o
 .text.ADC_ClearFlag
                0x0000000000000000        0x8 ./Peripheral/src/ch32v10x_adc.o
 .text.ADC_GetITStatus
                0x0000000000000000       0x1c ./Peripheral/src/ch32v10x_adc.o
 .text.ADC_ClearITPendingBit
                0x0000000000000000        0xa ./Peripheral/src/ch32v10x_adc.o
 .text.TempSensor_Volt_To_Temper
                0x0000000000000000       0x2a ./Peripheral/src/ch32v10x_adc.o
 .text.Get_CalibrationValue
                0x0000000000000000      0x17c ./Peripheral/src/ch32v10x_adc.o
 .debug_info    0x0000000000000000     0x1846 ./Peripheral/src/ch32v10x_adc.o
 .debug_abbrev  0x0000000000000000      0x3a3 ./Peripheral/src/ch32v10x_adc.o
 .debug_loc     0x0000000000000000      0xa59 ./Peripheral/src/ch32v10x_adc.o
 .debug_aranges
                0x0000000000000000      0x148 ./Peripheral/src/ch32v10x_adc.o
 .debug_ranges  0x0000000000000000      0x138 ./Peripheral/src/ch32v10x_adc.o
 .debug_line    0x0000000000000000     0x177f ./Peripheral/src/ch32v10x_adc.o
 .debug_str     0x0000000000000000      0xd5b ./Peripheral/src/ch32v10x_adc.o
 .comment       0x0000000000000000       0x34 ./Peripheral/src/ch32v10x_adc.o
 .debug_frame   0x0000000000000000      0x2a4 ./Peripheral/src/ch32v10x_adc.o
 .text          0x0000000000000000        0x0 ./Peripheral/src/ch32v10x_bkp.o
 .data          0x0000000000000000        0x0 ./Peripheral/src/ch32v10x_bkp.o
 .bss           0x0000000000000000        0x0 ./Peripheral/src/ch32v10x_bkp.o
 .text.BKP_DeInit
                0x0000000000000000       0x24 ./Peripheral/src/ch32v10x_bkp.o
 .text.BKP_TamperPinLevelConfig
                0x0000000000000000       0x24 ./Peripheral/src/ch32v10x_bkp.o
 .text.BKP_TamperPinCmd
                0x0000000000000000       0x24 ./Peripheral/src/ch32v10x_bkp.o
 .text.BKP_ITConfig
                0x0000000000000000       0x24 ./Peripheral/src/ch32v10x_bkp.o
 .text.BKP_RTCOutputConfig
                0x0000000000000000       0x18 ./Peripheral/src/ch32v10x_bkp.o
 .text.BKP_SetRTCCalibrationValue
                0x0000000000000000       0x18 ./Peripheral/src/ch32v10x_bkp.o
 .text.BKP_WriteBackupRegister
                0x0000000000000000       0x1c ./Peripheral/src/ch32v10x_bkp.o
 .text.BKP_ReadBackupRegister
                0x0000000000000000       0x1e ./Peripheral/src/ch32v10x_bkp.o
 .text.BKP_GetFlagStatus
                0x0000000000000000        0xe ./Peripheral/src/ch32v10x_bkp.o
 .text.BKP_ClearFlag
                0x0000000000000000       0x12 ./Peripheral/src/ch32v10x_bkp.o
 .text.BKP_GetITStatus
                0x0000000000000000        0xe ./Peripheral/src/ch32v10x_bkp.o
 .text.BKP_ClearITPendingBit
                0x0000000000000000       0x12 ./Peripheral/src/ch32v10x_bkp.o
 .debug_info    0x0000000000000000     0x123a ./Peripheral/src/ch32v10x_bkp.o
 .debug_abbrev  0x0000000000000000      0x2d1 ./Peripheral/src/ch32v10x_bkp.o
 .debug_loc     0x0000000000000000       0xd8 ./Peripheral/src/ch32v10x_bkp.o
 .debug_aranges
                0x0000000000000000       0x78 ./Peripheral/src/ch32v10x_bkp.o
 .debug_ranges  0x0000000000000000       0x68 ./Peripheral/src/ch32v10x_bkp.o
 .debug_line    0x0000000000000000      0x607 ./Peripheral/src/ch32v10x_bkp.o
 .debug_str     0x0000000000000000      0xc10 ./Peripheral/src/ch32v10x_bkp.o
 .comment       0x0000000000000000       0x34 ./Peripheral/src/ch32v10x_bkp.o
 .debug_frame   0x0000000000000000       0xec ./Peripheral/src/ch32v10x_bkp.o
 .text          0x0000000000000000        0x0 ./Peripheral/src/ch32v10x_crc.o
 .data          0x0000000000000000        0x0 ./Peripheral/src/ch32v10x_crc.o
 .bss           0x0000000000000000        0x0 ./Peripheral/src/ch32v10x_crc.o
 .text.CRC_ResetDR
                0x0000000000000000        0xa ./Peripheral/src/ch32v10x_crc.o
 .text.CRC_CalcCRC
                0x0000000000000000        0xa ./Peripheral/src/ch32v10x_crc.o
 .text.CRC_CalcBlockCRC
                0x0000000000000000       0x20 ./Peripheral/src/ch32v10x_crc.o
 .text.CRC_GetCRC
                0x0000000000000000        0x8 ./Peripheral/src/ch32v10x_crc.o
 .text.CRC_SetIDRegister
                0x0000000000000000        0xa ./Peripheral/src/ch32v10x_crc.o
 .text.CRC_GetIDRegister
                0x0000000000000000        0xa ./Peripheral/src/ch32v10x_crc.o
 .debug_info    0x0000000000000000      0xc5f ./Peripheral/src/ch32v10x_crc.o
 .debug_abbrev  0x0000000000000000      0x264 ./Peripheral/src/ch32v10x_crc.o
 .debug_loc     0x0000000000000000       0x75 ./Peripheral/src/ch32v10x_crc.o
 .debug_aranges
                0x0000000000000000       0x48 ./Peripheral/src/ch32v10x_crc.o
 .debug_ranges  0x0000000000000000       0x38 ./Peripheral/src/ch32v10x_crc.o
 .debug_line    0x0000000000000000      0x387 ./Peripheral/src/ch32v10x_crc.o
 .debug_str     0x0000000000000000      0x7e6 ./Peripheral/src/ch32v10x_crc.o
 .comment       0x0000000000000000       0x34 ./Peripheral/src/ch32v10x_crc.o
 .debug_frame   0x0000000000000000       0x70 ./Peripheral/src/ch32v10x_crc.o
 .text          0x0000000000000000        0x0 ./Peripheral/src/ch32v10x_dbgmcu.o
 .data          0x0000000000000000        0x0 ./Peripheral/src/ch32v10x_dbgmcu.o
 .bss           0x0000000000000000        0x0 ./Peripheral/src/ch32v10x_dbgmcu.o
 .text.DBGMCU_GetREVID
                0x0000000000000000        0xa ./Peripheral/src/ch32v10x_dbgmcu.o
 .text.DBGMCU_GetDEVID
                0x0000000000000000        0xa ./Peripheral/src/ch32v10x_dbgmcu.o
 .text.DBGMCU_Config
                0x0000000000000000       0x4c ./Peripheral/src/ch32v10x_dbgmcu.o
 .text.DBGMCU_GetCHIPID
                0x0000000000000000        0xa ./Peripheral/src/ch32v10x_dbgmcu.o
 .debug_info    0x0000000000000000      0xbc6 ./Peripheral/src/ch32v10x_dbgmcu.o
 .debug_abbrev  0x0000000000000000      0x237 ./Peripheral/src/ch32v10x_dbgmcu.o
 .debug_loc     0x0000000000000000       0x88 ./Peripheral/src/ch32v10x_dbgmcu.o
 .debug_aranges
                0x0000000000000000       0x38 ./Peripheral/src/ch32v10x_dbgmcu.o
 .debug_ranges  0x0000000000000000       0x28 ./Peripheral/src/ch32v10x_dbgmcu.o
 .debug_line    0x0000000000000000      0x367 ./Peripheral/src/ch32v10x_dbgmcu.o
 .debug_str     0x0000000000000000      0x7a1 ./Peripheral/src/ch32v10x_dbgmcu.o
 .comment       0x0000000000000000       0x34 ./Peripheral/src/ch32v10x_dbgmcu.o
 .debug_frame   0x0000000000000000       0x50 ./Peripheral/src/ch32v10x_dbgmcu.o
 .text          0x0000000000000000        0x0 ./Peripheral/src/ch32v10x_dma.o
 .data          0x0000000000000000        0x0 ./Peripheral/src/ch32v10x_dma.o
 .bss           0x0000000000000000        0x0 ./Peripheral/src/ch32v10x_dma.o
 .text.DMA_DeInit
                0x0000000000000000       0xfa ./Peripheral/src/ch32v10x_dma.o
 .text.DMA_Init
                0x0000000000000000       0x38 ./Peripheral/src/ch32v10x_dma.o
 .text.DMA_StructInit
                0x0000000000000000       0x2e ./Peripheral/src/ch32v10x_dma.o
 .text.DMA_Cmd  0x0000000000000000       0x14 ./Peripheral/src/ch32v10x_dma.o
 .text.DMA_ITConfig
                0x0000000000000000       0x12 ./Peripheral/src/ch32v10x_dma.o
 .text.DMA_SetCurrDataCounter
                0x0000000000000000        0x4 ./Peripheral/src/ch32v10x_dma.o
 .text.DMA_GetCurrDataCounter
                0x0000000000000000        0x8 ./Peripheral/src/ch32v10x_dma.o
 .text.DMA_GetFlagStatus
                0x0000000000000000       0x20 ./Peripheral/src/ch32v10x_dma.o
 .text.DMA_ClearFlag
                0x0000000000000000       0x1a ./Peripheral/src/ch32v10x_dma.o
 .text.DMA_GetITStatus
                0x0000000000000000       0x18 ./Peripheral/src/ch32v10x_dma.o
 .text.DMA_ClearITPendingBit
                0x0000000000000000       0x18 ./Peripheral/src/ch32v10x_dma.o
 .debug_info    0x0000000000000000      0xec4 ./Peripheral/src/ch32v10x_dma.o
 .debug_abbrev  0x0000000000000000      0x320 ./Peripheral/src/ch32v10x_dma.o
 .debug_loc     0x0000000000000000      0x183 ./Peripheral/src/ch32v10x_dma.o
 .debug_aranges
                0x0000000000000000       0x60 ./Peripheral/src/ch32v10x_dma.o
 .debug_ranges  0x0000000000000000       0x50 ./Peripheral/src/ch32v10x_dma.o
 .debug_line    0x0000000000000000      0x846 ./Peripheral/src/ch32v10x_dma.o
 .debug_str     0x0000000000000000      0x95e ./Peripheral/src/ch32v10x_dma.o
 .comment       0x0000000000000000       0x34 ./Peripheral/src/ch32v10x_dma.o
 .debug_frame   0x0000000000000000       0xd8 ./Peripheral/src/ch32v10x_dma.o
 .text          0x0000000000000000        0x0 ./Peripheral/src/ch32v10x_exti.o
 .data          0x0000000000000000        0x0 ./Peripheral/src/ch32v10x_exti.o
 .bss           0x0000000000000000        0x0 ./Peripheral/src/ch32v10x_exti.o
 .text.EXTI_DeInit
                0x0000000000000000       0x22 ./Peripheral/src/ch32v10x_exti.o
 .text.EXTI_Init
                0x0000000000000000       0x6a ./Peripheral/src/ch32v10x_exti.o
 .text.EXTI_StructInit
                0x0000000000000000       0x12 ./Peripheral/src/ch32v10x_exti.o
 .text.EXTI_GenerateSWInterrupt
                0x0000000000000000       0x10 ./Peripheral/src/ch32v10x_exti.o
 .text.EXTI_GetFlagStatus
                0x0000000000000000       0x12 ./Peripheral/src/ch32v10x_exti.o
 .text.EXTI_ClearFlag
                0x0000000000000000        0xa ./Peripheral/src/ch32v10x_exti.o
 .text.EXTI_GetITStatus
                0x0000000000000000       0x1e ./Peripheral/src/ch32v10x_exti.o
 .text.EXTI_ClearITPendingBit
                0x0000000000000000        0xa ./Peripheral/src/ch32v10x_exti.o
 .debug_info    0x0000000000000000      0xdc0 ./Peripheral/src/ch32v10x_exti.o
 .debug_abbrev  0x0000000000000000      0x2df ./Peripheral/src/ch32v10x_exti.o
 .debug_loc     0x0000000000000000      0x181 ./Peripheral/src/ch32v10x_exti.o
 .debug_aranges
                0x0000000000000000       0x50 ./Peripheral/src/ch32v10x_exti.o
 .debug_ranges  0x0000000000000000       0x40 ./Peripheral/src/ch32v10x_exti.o
 .debug_line    0x0000000000000000      0x573 ./Peripheral/src/ch32v10x_exti.o
 .debug_str     0x0000000000000000      0x8f8 ./Peripheral/src/ch32v10x_exti.o
 .comment       0x0000000000000000       0x34 ./Peripheral/src/ch32v10x_exti.o
 .debug_frame   0x0000000000000000       0x90 ./Peripheral/src/ch32v10x_exti.o
 .text          0x0000000000000000        0x0 ./Peripheral/src/ch32v10x_flash.o
 .data          0x0000000000000000        0x0 ./Peripheral/src/ch32v10x_flash.o
 .bss           0x0000000000000000        0x0 ./Peripheral/src/ch32v10x_flash.o
 .text.ROM_ERASE
                0x0000000000000000       0x6e ./Peripheral/src/ch32v10x_flash.o
 .text.FLASH_SetLatency
                0x0000000000000000       0x10 ./Peripheral/src/ch32v10x_flash.o
 .text.FLASH_HalfCycleAccessCmd
                0x0000000000000000       0x12 ./Peripheral/src/ch32v10x_flash.o
 .text.FLASH_PrefetchBufferCmd
                0x0000000000000000       0x12 ./Peripheral/src/ch32v10x_flash.o
 .text.FLASH_Unlock
                0x0000000000000000       0x1a ./Peripheral/src/ch32v10x_flash.o
 .text.FLASH_UnlockBank1
                0x0000000000000000       0x18 ./Peripheral/src/ch32v10x_flash.o
 .text.FLASH_Lock
                0x0000000000000000        0xe ./Peripheral/src/ch32v10x_flash.o
 .text.FLASH_LockBank1
                0x0000000000000000       0x18 ./Peripheral/src/ch32v10x_flash.o
 .text.FLASH_GetUserOptionByte
                0x0000000000000000        0xa ./Peripheral/src/ch32v10x_flash.o
 .text.FLASH_GetWriteProtectionOptionByte
                0x0000000000000000        0x8 ./Peripheral/src/ch32v10x_flash.o
 .text.FLASH_GetReadOutProtectionStatus
                0x0000000000000000        0xc ./Peripheral/src/ch32v10x_flash.o
 .text.FLASH_GetPrefetchBufferStatus
                0x0000000000000000        0xc ./Peripheral/src/ch32v10x_flash.o
 .text.FLASH_ITConfig
                0x0000000000000000       0x1e ./Peripheral/src/ch32v10x_flash.o
 .text.FLASH_GetFlagStatus
                0x0000000000000000       0x1e ./Peripheral/src/ch32v10x_flash.o
 .text.FLASH_ClearFlag
                0x0000000000000000        0x8 ./Peripheral/src/ch32v10x_flash.o
 .text.FLASH_GetStatus
                0x0000000000000000       0x20 ./Peripheral/src/ch32v10x_flash.o
 .text.FLASH_GetBank1Status
                0x0000000000000000       0x20 ./Peripheral/src/ch32v10x_flash.o
 .text.FLASH_WaitForLastOperation
                0x0000000000000000       0x34 ./Peripheral/src/ch32v10x_flash.o
 .text.FLASH_ErasePage
                0x0000000000000000       0x5a ./Peripheral/src/ch32v10x_flash.o
 .text.FLASH_EraseAllPages
                0x0000000000000000       0x48 ./Peripheral/src/ch32v10x_flash.o
 .text.FLASH_EraseAllBank1Pages
                0x0000000000000000       0x18 ./Peripheral/src/ch32v10x_flash.o
 .text.FLASH_EraseOptionBytes
                0x0000000000000000       0x98 ./Peripheral/src/ch32v10x_flash.o
 .text.FLASH_ProgramWord
                0x0000000000000000       0x7c ./Peripheral/src/ch32v10x_flash.o
 .text.FLASH_ProgramHalfWord
                0x0000000000000000       0x58 ./Peripheral/src/ch32v10x_flash.o
 .text.FLASH_ProgramOptionByteData
                0x0000000000000000       0x76 ./Peripheral/src/ch32v10x_flash.o
 .text.FLASH_EnableWriteProtection
                0x0000000000000000       0xee ./Peripheral/src/ch32v10x_flash.o
 .text.FLASH_ReadOutProtection
                0x0000000000000000       0xac ./Peripheral/src/ch32v10x_flash.o
 .text.FLASH_UserOptionByteConfig
                0x0000000000000000       0x74 ./Peripheral/src/ch32v10x_flash.o
 .text.FLASH_WaitForLastBank1Operation
                0x0000000000000000       0x18 ./Peripheral/src/ch32v10x_flash.o
 .text.FLASH_Unlock_Fast
                0x0000000000000000       0x1e ./Peripheral/src/ch32v10x_flash.o
 .text.FLASH_Lock_Fast
                0x0000000000000000        0xe ./Peripheral/src/ch32v10x_flash.o
 .text.FLASH_BufReset
                0x0000000000000000       0x28 ./Peripheral/src/ch32v10x_flash.o
 .text.FLASH_BufLoad
                0x0000000000000000       0x4a ./Peripheral/src/ch32v10x_flash.o
 .text.FLASH_ErasePage_Fast
                0x0000000000000000       0x40 ./Peripheral/src/ch32v10x_flash.o
 .text.FLASH_ProgramPage_Fast
                0x0000000000000000       0x3c ./Peripheral/src/ch32v10x_flash.o
 .text.FLASH_ROM_ERASE
                0x0000000000000000      0x122 ./Peripheral/src/ch32v10x_flash.o
 .text.FLASH_ROM_WRITE
                0x0000000000000000      0x118 ./Peripheral/src/ch32v10x_flash.o
 .debug_info    0x0000000000000000     0x1751 ./Peripheral/src/ch32v10x_flash.o
 .debug_abbrev  0x0000000000000000      0x445 ./Peripheral/src/ch32v10x_flash.o
 .debug_loc     0x0000000000000000      0xc4a ./Peripheral/src/ch32v10x_flash.o
 .debug_aranges
                0x0000000000000000      0x120 ./Peripheral/src/ch32v10x_flash.o
 .debug_ranges  0x0000000000000000      0x110 ./Peripheral/src/ch32v10x_flash.o
 .debug_line    0x0000000000000000     0x1ec4 ./Peripheral/src/ch32v10x_flash.o
 .debug_str     0x0000000000000000      0xcc3 ./Peripheral/src/ch32v10x_flash.o
 .comment       0x0000000000000000       0x34 ./Peripheral/src/ch32v10x_flash.o
 .debug_frame   0x0000000000000000      0x390 ./Peripheral/src/ch32v10x_flash.o
 .text          0x0000000000000000        0x0 ./Peripheral/src/ch32v10x_gpio.o
 .data          0x0000000000000000        0x0 ./Peripheral/src/ch32v10x_gpio.o
 .bss           0x0000000000000000        0x0 ./Peripheral/src/ch32v10x_gpio.o
 .text.GPIO_DeInit
                0x0000000000000000       0xdc ./Peripheral/src/ch32v10x_gpio.o
 .text.GPIO_AFIODeInit
                0x0000000000000000       0x28 ./Peripheral/src/ch32v10x_gpio.o
 .text.GPIO_StructInit
                0x0000000000000000       0x10 ./Peripheral/src/ch32v10x_gpio.o
 .text.GPIO_ReadInputData
                0x0000000000000000        0x8 ./Peripheral/src/ch32v10x_gpio.o
 .text.GPIO_ReadOutputDataBit
                0x0000000000000000        0xa ./Peripheral/src/ch32v10x_gpio.o
 .text.GPIO_ReadOutputData
                0x0000000000000000        0x8 ./Peripheral/src/ch32v10x_gpio.o
 .text.GPIO_WriteBit
                0x0000000000000000        0xa ./Peripheral/src/ch32v10x_gpio.o
 .text.GPIO_Write
                0x0000000000000000        0x4 ./Peripheral/src/ch32v10x_gpio.o
 .text.GPIO_PinLockConfig
                0x0000000000000000       0x10 ./Peripheral/src/ch32v10x_gpio.o
 .text.GPIO_EventOutputConfig
                0x0000000000000000       0x18 ./Peripheral/src/ch32v10x_gpio.o
 .text.GPIO_EventOutputCmd
                0x0000000000000000       0x16 ./Peripheral/src/ch32v10x_gpio.o
 .text.GPIO_PinRemapConfig
                0x0000000000000000       0x8e ./Peripheral/src/ch32v10x_gpio.o
 .text.GPIO_EXTILineConfig
                0x0000000000000000       0x2c ./Peripheral/src/ch32v10x_gpio.o
 .text.GPIO_IPD_Unused
                0x0000000000000000       0x76 ./Peripheral/src/ch32v10x_gpio.o
 .text          0x0000000000000000        0x0 ./Peripheral/src/ch32v10x_i2c.o
 .data          0x0000000000000000        0x0 ./Peripheral/src/ch32v10x_i2c.o
 .bss           0x0000000000000000        0x0 ./Peripheral/src/ch32v10x_i2c.o
 .text.I2C_DeInit
                0x0000000000000000       0x4c ./Peripheral/src/ch32v10x_i2c.o
 .text.I2C_Init
                0x0000000000000000      0x122 ./Peripheral/src/ch32v10x_i2c.o
 .text.I2C_StructInit
                0x0000000000000000       0x1a ./Peripheral/src/ch32v10x_i2c.o
 .text.I2C_Cmd  0x0000000000000000       0x1c ./Peripheral/src/ch32v10x_i2c.o
 .text.I2C_DMACmd
                0x0000000000000000       0x22 ./Peripheral/src/ch32v10x_i2c.o
 .text.I2C_DMALastTransferCmd
                0x0000000000000000       0x1c ./Peripheral/src/ch32v10x_i2c.o
 .text.I2C_GenerateSTART
                0x0000000000000000       0x1e ./Peripheral/src/ch32v10x_i2c.o
 .text.I2C_GenerateSTOP
                0x0000000000000000       0x1e ./Peripheral/src/ch32v10x_i2c.o
 .text.I2C_AcknowledgeConfig
                0x0000000000000000       0x1e ./Peripheral/src/ch32v10x_i2c.o
 .text.I2C_OwnAddress2Config
                0x0000000000000000       0x18 ./Peripheral/src/ch32v10x_i2c.o
 .text.I2C_DualAddressCmd
                0x0000000000000000       0x1c ./Peripheral/src/ch32v10x_i2c.o
 .text.I2C_GeneralCallCmd
                0x0000000000000000       0x1e ./Peripheral/src/ch32v10x_i2c.o
 .text.I2C_ITConfig
                0x0000000000000000       0x16 ./Peripheral/src/ch32v10x_i2c.o
 .text.I2C_SendData
                0x0000000000000000        0x6 ./Peripheral/src/ch32v10x_i2c.o
 .text.I2C_ReceiveData
                0x0000000000000000        0xa ./Peripheral/src/ch32v10x_i2c.o
 .text.I2C_Send7bitAddress
                0x0000000000000000       0x14 ./Peripheral/src/ch32v10x_i2c.o
 .text.I2C_ReadRegister
                0x0000000000000000       0x16 ./Peripheral/src/ch32v10x_i2c.o
 .text.I2C_SoftwareResetCmd
                0x0000000000000000       0x16 ./Peripheral/src/ch32v10x_i2c.o
 .text.I2C_NACKPositionConfig
                0x0000000000000000       0x26 ./Peripheral/src/ch32v10x_i2c.o
 .text.I2C_SMBusAlertConfig
                0x0000000000000000       0x20 ./Peripheral/src/ch32v10x_i2c.o
 .text.I2C_TransmitPEC
                0x0000000000000000       0x1c ./Peripheral/src/ch32v10x_i2c.o
 .text.I2C_PECPositionConfig
                0x0000000000000000       0x18 ./Peripheral/src/ch32v10x_i2c.o
 .text.I2C_CalculatePEC
                0x0000000000000000       0x1e ./Peripheral/src/ch32v10x_i2c.o
 .text.I2C_GetPEC
                0x0000000000000000        0x8 ./Peripheral/src/ch32v10x_i2c.o
 .text.I2C_ARPCmd
                0x0000000000000000       0x1c ./Peripheral/src/ch32v10x_i2c.o
 .text.I2C_StretchClockCmd
                0x0000000000000000       0x1e ./Peripheral/src/ch32v10x_i2c.o
 .text.I2C_FastModeDutyCycleConfig
                0x0000000000000000       0x20 ./Peripheral/src/ch32v10x_i2c.o
 .text.I2C_CheckEvent
                0x0000000000000000       0x1a ./Peripheral/src/ch32v10x_i2c.o
 .text.I2C_GetLastEvent
                0x0000000000000000       0x12 ./Peripheral/src/ch32v10x_i2c.o
 .text.I2C_GetFlagStatus
                0x0000000000000000       0x32 ./Peripheral/src/ch32v10x_i2c.o
 .text.I2C_ClearFlag
                0x0000000000000000        0xe ./Peripheral/src/ch32v10x_i2c.o
 .text.I2C_GetITStatus
                0x0000000000000000       0x24 ./Peripheral/src/ch32v10x_i2c.o
 .text.I2C_ClearITPendingBit
                0x0000000000000000        0xe ./Peripheral/src/ch32v10x_i2c.o
 .debug_info    0x0000000000000000     0x1632 ./Peripheral/src/ch32v10x_i2c.o
 .debug_abbrev  0x0000000000000000      0x3ac ./Peripheral/src/ch32v10x_i2c.o
 .debug_loc     0x0000000000000000      0x70d ./Peripheral/src/ch32v10x_i2c.o
 .debug_aranges
                0x0000000000000000      0x110 ./Peripheral/src/ch32v10x_i2c.o
 .debug_ranges  0x0000000000000000      0x100 ./Peripheral/src/ch32v10x_i2c.o
 .debug_line    0x0000000000000000     0x10da ./Peripheral/src/ch32v10x_i2c.o
 .debug_str     0x0000000000000000      0xc4b ./Peripheral/src/ch32v10x_i2c.o
 .comment       0x0000000000000000       0x34 ./Peripheral/src/ch32v10x_i2c.o
 .debug_frame   0x0000000000000000      0x264 ./Peripheral/src/ch32v10x_i2c.o
 .text          0x0000000000000000        0x0 ./Peripheral/src/ch32v10x_iwdg.o
 .data          0x0000000000000000        0x0 ./Peripheral/src/ch32v10x_iwdg.o
 .bss           0x0000000000000000        0x0 ./Peripheral/src/ch32v10x_iwdg.o
 .text.IWDG_WriteAccessCmd
                0x0000000000000000        0x8 ./Peripheral/src/ch32v10x_iwdg.o
 .text.IWDG_SetPrescaler
                0x0000000000000000        0x8 ./Peripheral/src/ch32v10x_iwdg.o
 .text.IWDG_SetReload
                0x0000000000000000        0x8 ./Peripheral/src/ch32v10x_iwdg.o
 .text.IWDG_ReloadCounter
                0x0000000000000000        0xe ./Peripheral/src/ch32v10x_iwdg.o
 .text.IWDG_Enable
                0x0000000000000000       0x18 ./Peripheral/src/ch32v10x_iwdg.o
 .text.IWDG_GetFlagStatus
                0x0000000000000000        0xe ./Peripheral/src/ch32v10x_iwdg.o
 .debug_info    0x0000000000000000      0xd0b ./Peripheral/src/ch32v10x_iwdg.o
 .debug_abbrev  0x0000000000000000      0x287 ./Peripheral/src/ch32v10x_iwdg.o
 .debug_loc     0x0000000000000000       0x68 ./Peripheral/src/ch32v10x_iwdg.o
 .debug_aranges
                0x0000000000000000       0x48 ./Peripheral/src/ch32v10x_iwdg.o
 .debug_ranges  0x0000000000000000       0x38 ./Peripheral/src/ch32v10x_iwdg.o
 .debug_line    0x0000000000000000      0x392 ./Peripheral/src/ch32v10x_iwdg.o
 .debug_str     0x0000000000000000      0x861 ./Peripheral/src/ch32v10x_iwdg.o
 .comment       0x0000000000000000       0x34 ./Peripheral/src/ch32v10x_iwdg.o
 .debug_frame   0x0000000000000000       0x70 ./Peripheral/src/ch32v10x_iwdg.o
 .text          0x0000000000000000        0x0 ./Peripheral/src/ch32v10x_misc.o
 .data          0x0000000000000000        0x0 ./Peripheral/src/ch32v10x_misc.o
 .bss           0x0000000000000000        0x0 ./Peripheral/src/ch32v10x_misc.o
 .text.NVIC_PriorityGroupConfig
                0x0000000000000000       0x14 ./Peripheral/src/ch32v10x_misc.o
 .text.NVIC_Init
                0x0000000000000000       0x72 ./Peripheral/src/ch32v10x_misc.o
 .sbss.NVIC_Priority_Group
                0x0000000000000000        0x4 ./Peripheral/src/ch32v10x_misc.o
 .debug_info    0x0000000000000000     0x100d ./Peripheral/src/ch32v10x_misc.o
 .debug_abbrev  0x0000000000000000      0x307 ./Peripheral/src/ch32v10x_misc.o
 .debug_loc     0x0000000000000000       0x5b ./Peripheral/src/ch32v10x_misc.o
 .debug_aranges
                0x0000000000000000       0x28 ./Peripheral/src/ch32v10x_misc.o
 .debug_ranges  0x0000000000000000       0x30 ./Peripheral/src/ch32v10x_misc.o
 .debug_line    0x0000000000000000      0x3fb ./Peripheral/src/ch32v10x_misc.o
 .debug_str     0x0000000000000000      0xb54 ./Peripheral/src/ch32v10x_misc.o
 .comment       0x0000000000000000       0x34 ./Peripheral/src/ch32v10x_misc.o
 .debug_frame   0x0000000000000000       0x30 ./Peripheral/src/ch32v10x_misc.o
 .text          0x0000000000000000        0x0 ./Peripheral/src/ch32v10x_pwr.o
 .data          0x0000000000000000        0x0 ./Peripheral/src/ch32v10x_pwr.o
 .bss           0x0000000000000000        0x0 ./Peripheral/src/ch32v10x_pwr.o
 .text.PWR_DeInit
                0x0000000000000000       0x2c ./Peripheral/src/ch32v10x_pwr.o
 .text.PWR_BackupAccessCmd
                0x0000000000000000       0x16 ./Peripheral/src/ch32v10x_pwr.o
 .text.PWR_PVDCmd
                0x0000000000000000       0x14 ./Peripheral/src/ch32v10x_pwr.o
 .text.PWR_PVDLevelConfig
                0x0000000000000000       0x10 ./Peripheral/src/ch32v10x_pwr.o
 .text.PWR_WakeUpPinCmd
                0x0000000000000000       0x16 ./Peripheral/src/ch32v10x_pwr.o
 .text.PWR_EnterSTOPMode
                0x0000000000000000       0x66 ./Peripheral/src/ch32v10x_pwr.o
 .text.PWR_EnterSTANDBYMode
                0x0000000000000000       0x34 ./Peripheral/src/ch32v10x_pwr.o
 .text.PWR_GetFlagStatus
                0x0000000000000000        0xe ./Peripheral/src/ch32v10x_pwr.o
 .text.PWR_ClearFlag
                0x0000000000000000        0xe ./Peripheral/src/ch32v10x_pwr.o
 .text.PWR_VDD_SupplyVoltage
                0x0000000000000000       0x6c ./Peripheral/src/ch32v10x_pwr.o
 .debug_info    0x0000000000000000     0x1134 ./Peripheral/src/ch32v10x_pwr.o
 .debug_abbrev  0x0000000000000000      0x377 ./Peripheral/src/ch32v10x_pwr.o
 .debug_loc     0x0000000000000000      0x164 ./Peripheral/src/ch32v10x_pwr.o
 .debug_aranges
                0x0000000000000000       0x68 ./Peripheral/src/ch32v10x_pwr.o
 .debug_ranges  0x0000000000000000       0xc8 ./Peripheral/src/ch32v10x_pwr.o
 .debug_line    0x0000000000000000      0x6c7 ./Peripheral/src/ch32v10x_pwr.o
 .debug_str     0x0000000000000000      0x996 ./Peripheral/src/ch32v10x_pwr.o
 .comment       0x0000000000000000       0x34 ./Peripheral/src/ch32v10x_pwr.o
 .debug_frame   0x0000000000000000       0xcc ./Peripheral/src/ch32v10x_pwr.o
 .text          0x0000000000000000        0x0 ./Peripheral/src/ch32v10x_rcc.o
 .data          0x0000000000000000        0x0 ./Peripheral/src/ch32v10x_rcc.o
 .bss           0x0000000000000000        0x0 ./Peripheral/src/ch32v10x_rcc.o
 .text.RCC_DeInit
                0x0000000000000000       0x42 ./Peripheral/src/ch32v10x_rcc.o
 .text.RCC_HSEConfig
                0x0000000000000000       0x3c ./Peripheral/src/ch32v10x_rcc.o
 .text.RCC_AdjustHSICalibrationValue
                0x0000000000000000       0x12 ./Peripheral/src/ch32v10x_rcc.o
 .text.RCC_GetSYSCLKSource
                0x0000000000000000        0xa ./Peripheral/src/ch32v10x_rcc.o
 .text.RCC_HCLKConfig
                0x0000000000000000       0x10 ./Peripheral/src/ch32v10x_rcc.o
 .text.RCC_PCLK1Config
                0x0000000000000000       0x10 ./Peripheral/src/ch32v10x_rcc.o
 .text.RCC_PCLK2Config
                0x0000000000000000       0x16 ./Peripheral/src/ch32v10x_rcc.o
 .text.RCC_ITConfig
                0x0000000000000000       0x1a ./Peripheral/src/ch32v10x_rcc.o
 .text.RCC_USBCLKConfig
                0x0000000000000000       0x24 ./Peripheral/src/ch32v10x_rcc.o
 .text.RCC_ADCCLKConfig
                0x0000000000000000       0x12 ./Peripheral/src/ch32v10x_rcc.o
 .text.RCC_LSEConfig
                0x0000000000000000       0x28 ./Peripheral/src/ch32v10x_rcc.o
 .text.RCC_LSICmd
                0x0000000000000000       0x14 ./Peripheral/src/ch32v10x_rcc.o
 .text.RCC_RTCCLKConfig
                0x0000000000000000        0xc ./Peripheral/src/ch32v10x_rcc.o
 .text.RCC_RTCCLKCmd
                0x0000000000000000       0x20 ./Peripheral/src/ch32v10x_rcc.o
 .text.RCC_GetClocksFreq
                0x0000000000000000       0xc0 ./Peripheral/src/ch32v10x_rcc.o
 .text.RCC_AHBPeriphClockCmd
                0x0000000000000000       0x1e ./Peripheral/src/ch32v10x_rcc.o
 .text.RCC_APB1PeriphClockCmd
                0x0000000000000000       0x1e ./Peripheral/src/ch32v10x_rcc.o
 .text.RCC_APB2PeriphResetCmd
                0x0000000000000000       0x1e ./Peripheral/src/ch32v10x_rcc.o
 .text.RCC_APB1PeriphResetCmd
                0x0000000000000000       0x1e ./Peripheral/src/ch32v10x_rcc.o
 .text.RCC_BackupResetCmd
                0x0000000000000000       0x20 ./Peripheral/src/ch32v10x_rcc.o
 .text.RCC_ClockSecuritySystemCmd
                0x0000000000000000       0x24 ./Peripheral/src/ch32v10x_rcc.o
 .text.RCC_MCOConfig
                0x0000000000000000        0xa ./Peripheral/src/ch32v10x_rcc.o
 .text.RCC_WaitForHSEStartUp
                0x0000000000000000       0x44 ./Peripheral/src/ch32v10x_rcc.o
 .text.RCC_ClearFlag
                0x0000000000000000       0x10 ./Peripheral/src/ch32v10x_rcc.o
 .text.RCC_GetITStatus
                0x0000000000000000        0xe ./Peripheral/src/ch32v10x_rcc.o
 .text.RCC_ClearITPendingBit
                0x0000000000000000        0xa ./Peripheral/src/ch32v10x_rcc.o
 .data.APBAHBPrescTable
                0x0000000000000000       0x10 ./Peripheral/src/ch32v10x_rcc.o
 .sdata.ADCPrescTable
                0x0000000000000000        0x4 ./Peripheral/src/ch32v10x_rcc.o
 .text          0x0000000000000000        0x0 ./Peripheral/src/ch32v10x_rtc.o
 .data          0x0000000000000000        0x0 ./Peripheral/src/ch32v10x_rtc.o
 .bss           0x0000000000000000        0x0 ./Peripheral/src/ch32v10x_rtc.o
 .text.RTC_ITConfig
                0x0000000000000000       0x1a ./Peripheral/src/ch32v10x_rtc.o
 .text.RTC_EnterConfigMode
                0x0000000000000000       0x12 ./Peripheral/src/ch32v10x_rtc.o
 .text.RTC_ExitConfigMode
                0x0000000000000000       0x18 ./Peripheral/src/ch32v10x_rtc.o
 .text.RTC_GetCounter
                0x0000000000000000       0x5a ./Peripheral/src/ch32v10x_rtc.o
 .text.RTC_SetCounter
                0x0000000000000000       0x3c ./Peripheral/src/ch32v10x_rtc.o
 .text.RTC_SetPrescaler
                0x0000000000000000       0x3e ./Peripheral/src/ch32v10x_rtc.o
 .text.RTC_SetAlarm
                0x0000000000000000       0x3c ./Peripheral/src/ch32v10x_rtc.o
 .text.RTC_GetDivider
                0x0000000000000000       0x60 ./Peripheral/src/ch32v10x_rtc.o
 .text.RTC_WaitForLastTask
                0x0000000000000000       0x10 ./Peripheral/src/ch32v10x_rtc.o
 .text.RTC_WaitForSynchro
                0x0000000000000000       0x24 ./Peripheral/src/ch32v10x_rtc.o
 .text.RTC_GetFlagStatus
                0x0000000000000000       0x14 ./Peripheral/src/ch32v10x_rtc.o
 .text.RTC_ClearFlag
                0x0000000000000000       0x14 ./Peripheral/src/ch32v10x_rtc.o
 .text.RTC_GetITStatus
                0x0000000000000000       0x20 ./Peripheral/src/ch32v10x_rtc.o
 .text.RTC_ClearITPendingBit
                0x0000000000000000       0x18 ./Peripheral/src/ch32v10x_rtc.o
 .debug_info    0x0000000000000000      0xf87 ./Peripheral/src/ch32v10x_rtc.o
 .debug_abbrev  0x0000000000000000      0x310 ./Peripheral/src/ch32v10x_rtc.o
 .debug_loc     0x0000000000000000      0x377 ./Peripheral/src/ch32v10x_rtc.o
 .debug_aranges
                0x0000000000000000       0x80 ./Peripheral/src/ch32v10x_rtc.o
 .debug_ranges  0x0000000000000000       0x70 ./Peripheral/src/ch32v10x_rtc.o
 .debug_line    0x0000000000000000      0x942 ./Peripheral/src/ch32v10x_rtc.o
 .debug_str     0x0000000000000000      0x971 ./Peripheral/src/ch32v10x_rtc.o
 .comment       0x0000000000000000       0x34 ./Peripheral/src/ch32v10x_rtc.o
 .debug_frame   0x0000000000000000      0x12c ./Peripheral/src/ch32v10x_rtc.o
 .text          0x0000000000000000        0x0 ./Peripheral/src/ch32v10x_spi.o
 .data          0x0000000000000000        0x0 ./Peripheral/src/ch32v10x_spi.o
 .bss           0x0000000000000000        0x0 ./Peripheral/src/ch32v10x_spi.o
 .text.SPI_I2S_DeInit
                0x0000000000000000       0x70 ./Peripheral/src/ch32v10x_spi.o
 .text.SPI_Init
                0x0000000000000000       0x5a ./Peripheral/src/ch32v10x_spi.o
 .text.I2S_Init
                0x0000000000000000       0xdc ./Peripheral/src/ch32v10x_spi.o
 .text.SPI_StructInit
                0x0000000000000000       0x24 ./Peripheral/src/ch32v10x_spi.o
 .text.I2S_StructInit
                0x0000000000000000       0x12 ./Peripheral/src/ch32v10x_spi.o
 .text.SPI_Cmd  0x0000000000000000       0x1e ./Peripheral/src/ch32v10x_spi.o
 .text.I2S_Cmd  0x0000000000000000       0x1e ./Peripheral/src/ch32v10x_spi.o
 .text.SPI_I2S_ITConfig
                0x0000000000000000       0x22 ./Peripheral/src/ch32v10x_spi.o
 .text.SPI_I2S_DMACmd
                0x0000000000000000       0x16 ./Peripheral/src/ch32v10x_spi.o
 .text.SPI_I2S_SendData
                0x0000000000000000        0x6 ./Peripheral/src/ch32v10x_spi.o
 .text.SPI_I2S_ReceiveData
                0x0000000000000000        0x6 ./Peripheral/src/ch32v10x_spi.o
 .text.SPI_NSSInternalSoftwareConfig
                0x0000000000000000       0x2a ./Peripheral/src/ch32v10x_spi.o
 .text.SPI_SSOutputCmd
                0x0000000000000000       0x1c ./Peripheral/src/ch32v10x_spi.o
 .text.SPI_DataSizeConfig
                0x0000000000000000       0x1c ./Peripheral/src/ch32v10x_spi.o
 .text.SPI_TransmitCRC
                0x0000000000000000        0xe ./Peripheral/src/ch32v10x_spi.o
 .text.SPI_CalculateCRC
                0x0000000000000000       0x1c ./Peripheral/src/ch32v10x_spi.o
 .text.SPI_GetCRC
                0x0000000000000000       0x16 ./Peripheral/src/ch32v10x_spi.o
 .text.SPI_GetCRCPolynomial
                0x0000000000000000        0x6 ./Peripheral/src/ch32v10x_spi.o
 .text.SPI_BiDirectionalLineConfig
                0x0000000000000000       0x20 ./Peripheral/src/ch32v10x_spi.o
 .text.SPI_I2S_GetFlagStatus
                0x0000000000000000        0xc ./Peripheral/src/ch32v10x_spi.o
 .text.SPI_I2S_ClearFlag
                0x0000000000000000        0xe ./Peripheral/src/ch32v10x_spi.o
 .text.SPI_I2S_GetITStatus
                0x0000000000000000       0x2c ./Peripheral/src/ch32v10x_spi.o
 .text.SPI_I2S_ClearITPendingBit
                0x0000000000000000       0x16 ./Peripheral/src/ch32v10x_spi.o
 .debug_info    0x0000000000000000     0x1461 ./Peripheral/src/ch32v10x_spi.o
 .debug_abbrev  0x0000000000000000      0x317 ./Peripheral/src/ch32v10x_spi.o
 .debug_loc     0x0000000000000000      0x598 ./Peripheral/src/ch32v10x_spi.o
 .debug_aranges
                0x0000000000000000       0xd0 ./Peripheral/src/ch32v10x_spi.o
 .debug_ranges  0x0000000000000000       0xc0 ./Peripheral/src/ch32v10x_spi.o
 .debug_line    0x0000000000000000      0xccd ./Peripheral/src/ch32v10x_spi.o
 .debug_str     0x0000000000000000      0xbeb ./Peripheral/src/ch32v10x_spi.o
 .comment       0x0000000000000000       0x34 ./Peripheral/src/ch32v10x_spi.o
 .debug_frame   0x0000000000000000      0x1a8 ./Peripheral/src/ch32v10x_spi.o
 .text          0x0000000000000000        0x0 ./Peripheral/src/ch32v10x_tim.o
 .data          0x0000000000000000        0x0 ./Peripheral/src/ch32v10x_tim.o
 .bss           0x0000000000000000        0x0 ./Peripheral/src/ch32v10x_tim.o
 .text.TI1_Config
                0x0000000000000000       0x7a ./Peripheral/src/ch32v10x_tim.o
 .text.TI2_Config
                0x0000000000000000       0x94 ./Peripheral/src/ch32v10x_tim.o
 .text.TIM_DeInit
                0x0000000000000000       0x94 ./Peripheral/src/ch32v10x_tim.o
 .text.TIM_TimeBaseInit
                0x0000000000000000       0x78 ./Peripheral/src/ch32v10x_tim.o
 .text.TIM_OC1Init
                0x0000000000000000       0x88 ./Peripheral/src/ch32v10x_tim.o
 .text.TIM_OC2Init
                0x0000000000000000       0xb4 ./Peripheral/src/ch32v10x_tim.o
 .text.TIM_OC3Init
                0x0000000000000000       0xb2 ./Peripheral/src/ch32v10x_tim.o
 .text.TIM_OC4Init
                0x0000000000000000       0x82 ./Peripheral/src/ch32v10x_tim.o
 .text.TIM_BDTRConfig
                0x0000000000000000       0x2e ./Peripheral/src/ch32v10x_tim.o
 .text.TIM_TimeBaseStructInit
                0x0000000000000000       0x18 ./Peripheral/src/ch32v10x_tim.o
 .text.TIM_OCStructInit
                0x0000000000000000       0x22 ./Peripheral/src/ch32v10x_tim.o
 .text.TIM_ICStructInit
                0x0000000000000000       0x18 ./Peripheral/src/ch32v10x_tim.o
 .text.TIM_BDTRStructInit
                0x0000000000000000       0x1e ./Peripheral/src/ch32v10x_tim.o
 .text.TIM_Cmd  0x0000000000000000       0x1c ./Peripheral/src/ch32v10x_tim.o
 .text.TIM_CtrlPWMOutputs
                0x0000000000000000       0x16 ./Peripheral/src/ch32v10x_tim.o
 .text.TIM_ITConfig
                0x0000000000000000       0x16 ./Peripheral/src/ch32v10x_tim.o
 .text.TIM_GenerateEvent
                0x0000000000000000        0x6 ./Peripheral/src/ch32v10x_tim.o
 .text.TIM_DMAConfig
                0x0000000000000000        0x8 ./Peripheral/src/ch32v10x_tim.o
 .text.TIM_DMACmd
                0x0000000000000000       0x18 ./Peripheral/src/ch32v10x_tim.o
 .text.TIM_InternalClockConfig
                0x0000000000000000       0x14 ./Peripheral/src/ch32v10x_tim.o
 .text.TIM_ITRxExternalClockConfig
                0x0000000000000000       0x20 ./Peripheral/src/ch32v10x_tim.o
 .text.TIM_TIxExternalClockConfig
                0x0000000000000000       0x50 ./Peripheral/src/ch32v10x_tim.o
 .text.TIM_ETRConfig
                0x0000000000000000       0x1a ./Peripheral/src/ch32v10x_tim.o
 .text.TIM_ETRClockMode1Config
                0x0000000000000000       0x2e ./Peripheral/src/ch32v10x_tim.o
 .text.TIM_ETRClockMode2Config
                0x0000000000000000       0x26 ./Peripheral/src/ch32v10x_tim.o
 .text.TIM_PrescalerConfig
                0x0000000000000000        0xa ./Peripheral/src/ch32v10x_tim.o
 .text.TIM_CounterModeConfig
                0x0000000000000000       0x14 ./Peripheral/src/ch32v10x_tim.o
 .text.TIM_SelectInputTrigger
                0x0000000000000000       0x14 ./Peripheral/src/ch32v10x_tim.o
 .text.TIM_EncoderInterfaceConfig
                0x0000000000000000       0x46 ./Peripheral/src/ch32v10x_tim.o
 .text.TIM_ForcedOC1Config
                0x0000000000000000       0x14 ./Peripheral/src/ch32v10x_tim.o
 .text.TIM_ForcedOC2Config
                0x0000000000000000       0x18 ./Peripheral/src/ch32v10x_tim.o
 .text.TIM_ForcedOC3Config
                0x0000000000000000       0x14 ./Peripheral/src/ch32v10x_tim.o
 .text.TIM_ForcedOC4Config
                0x0000000000000000       0x18 ./Peripheral/src/ch32v10x_tim.o
 .text.TIM_ARRPreloadConfig
                0x0000000000000000       0x1e ./Peripheral/src/ch32v10x_tim.o
 .text.TIM_SelectCOM
                0x0000000000000000       0x1c ./Peripheral/src/ch32v10x_tim.o
 .text.TIM_SelectCCDMA
                0x0000000000000000       0x1c ./Peripheral/src/ch32v10x_tim.o
 .text.TIM_CCPreloadControl
                0x0000000000000000       0x1c ./Peripheral/src/ch32v10x_tim.o
 .text.TIM_OC1PreloadConfig
                0x0000000000000000       0x12 ./Peripheral/src/ch32v10x_tim.o
 .text.TIM_OC2PreloadConfig
                0x0000000000000000       0x1a ./Peripheral/src/ch32v10x_tim.o
 .text.TIM_OC3PreloadConfig
                0x0000000000000000       0x12 ./Peripheral/src/ch32v10x_tim.o
 .text.TIM_OC4PreloadConfig
                0x0000000000000000       0x1a ./Peripheral/src/ch32v10x_tim.o
 .text.TIM_OC1FastConfig
                0x0000000000000000       0x12 ./Peripheral/src/ch32v10x_tim.o
 .text.TIM_OC2FastConfig
                0x0000000000000000       0x1a ./Peripheral/src/ch32v10x_tim.o
 .text.TIM_OC3FastConfig
                0x0000000000000000       0x12 ./Peripheral/src/ch32v10x_tim.o
 .text.TIM_OC4FastConfig
                0x0000000000000000       0x1a ./Peripheral/src/ch32v10x_tim.o
 .text.TIM_ClearOC1Ref
                0x0000000000000000       0x14 ./Peripheral/src/ch32v10x_tim.o
 .text.TIM_ClearOC2Ref
                0x0000000000000000       0x16 ./Peripheral/src/ch32v10x_tim.o
 .text.TIM_ClearOC3Ref
                0x0000000000000000       0x14 ./Peripheral/src/ch32v10x_tim.o
 .text.TIM_ClearOC4Ref
                0x0000000000000000       0x16 ./Peripheral/src/ch32v10x_tim.o
 .text.TIM_OC1PolarityConfig
                0x0000000000000000       0x12 ./Peripheral/src/ch32v10x_tim.o
 .text.TIM_OC1NPolarityConfig
                0x0000000000000000       0x12 ./Peripheral/src/ch32v10x_tim.o
 .text.TIM_OC2PolarityConfig
                0x0000000000000000       0x1a ./Peripheral/src/ch32v10x_tim.o
 .text.TIM_OC2NPolarityConfig
                0x0000000000000000       0x1a ./Peripheral/src/ch32v10x_tim.o
 .text.TIM_OC3PolarityConfig
                0x0000000000000000       0x1a ./Peripheral/src/ch32v10x_tim.o
 .text.TIM_OC3NPolarityConfig
                0x0000000000000000       0x1a ./Peripheral/src/ch32v10x_tim.o
 .text.TIM_OC4PolarityConfig
                0x0000000000000000       0x18 ./Peripheral/src/ch32v10x_tim.o
 .text.TIM_CCxCmd
                0x0000000000000000       0x28 ./Peripheral/src/ch32v10x_tim.o
 .text.TIM_CCxNCmd
                0x0000000000000000       0x28 ./Peripheral/src/ch32v10x_tim.o
 .text.TIM_SelectOCxM
                0x0000000000000000       0x50 ./Peripheral/src/ch32v10x_tim.o
 .text.TIM_UpdateDisableConfig
                0x0000000000000000       0x1c ./Peripheral/src/ch32v10x_tim.o
 .text.TIM_UpdateRequestConfig
                0x0000000000000000       0x1c ./Peripheral/src/ch32v10x_tim.o
 .text.TIM_SelectHallSensor
                0x0000000000000000       0x1e ./Peripheral/src/ch32v10x_tim.o
 .text.TIM_SelectOnePulseMode
                0x0000000000000000       0x1e ./Peripheral/src/ch32v10x_tim.o
 .text.TIM_SelectOutputTrigger
                0x0000000000000000       0x20 ./Peripheral/src/ch32v10x_tim.o
 .text.TIM_SelectSlaveMode
                0x0000000000000000       0x1e ./Peripheral/src/ch32v10x_tim.o
 .text.TIM_SelectMasterSlaveMode
                0x0000000000000000       0x20 ./Peripheral/src/ch32v10x_tim.o
 .text.TIM_SetCounter
                0x0000000000000000        0x6 ./Peripheral/src/ch32v10x_tim.o
 .text.TIM_SetAutoreload
                0x0000000000000000        0x6 ./Peripheral/src/ch32v10x_tim.o
 .text.TIM_SetCompare1
                0x0000000000000000        0x6 ./Peripheral/src/ch32v10x_tim.o
 .text.TIM_SetCompare2
                0x0000000000000000        0x6 ./Peripheral/src/ch32v10x_tim.o
 .text.TIM_SetCompare3
                0x0000000000000000        0x6 ./Peripheral/src/ch32v10x_tim.o
 .text.TIM_SetCompare4
                0x0000000000000000        0x6 ./Peripheral/src/ch32v10x_tim.o
 .text.TIM_SetIC1Prescaler
                0x0000000000000000       0x1e ./Peripheral/src/ch32v10x_tim.o
 .text.TIM_SetIC2Prescaler
                0x0000000000000000       0x22 ./Peripheral/src/ch32v10x_tim.o
 .text.TIM_PWMIConfig
                0x0000000000000000       0xa6 ./Peripheral/src/ch32v10x_tim.o
 .text.TIM_SetIC3Prescaler
                0x0000000000000000       0x1e ./Peripheral/src/ch32v10x_tim.o
 .text.TIM_SetIC4Prescaler
                0x0000000000000000       0x22 ./Peripheral/src/ch32v10x_tim.o
 .text.TIM_ICInit
                0x0000000000000000      0x1ae ./Peripheral/src/ch32v10x_tim.o
 .text.TIM_SetClockDivision
                0x0000000000000000       0x20 ./Peripheral/src/ch32v10x_tim.o
 .text.TIM_GetCapture1
                0x0000000000000000        0x6 ./Peripheral/src/ch32v10x_tim.o
 .text.TIM_GetCapture2
                0x0000000000000000        0x6 ./Peripheral/src/ch32v10x_tim.o
 .text.TIM_GetCapture3
                0x0000000000000000        0x6 ./Peripheral/src/ch32v10x_tim.o
 .text.TIM_GetCapture4
                0x0000000000000000        0x6 ./Peripheral/src/ch32v10x_tim.o
 .text.TIM_GetCounter
                0x0000000000000000        0x6 ./Peripheral/src/ch32v10x_tim.o
 .text.TIM_GetPrescaler
                0x0000000000000000        0x6 ./Peripheral/src/ch32v10x_tim.o
 .text.TIM_GetFlagStatus
                0x0000000000000000        0xc ./Peripheral/src/ch32v10x_tim.o
 .text.TIM_ClearFlag
                0x0000000000000000        0xe ./Peripheral/src/ch32v10x_tim.o
 .text.TIM_GetITStatus
                0x0000000000000000       0x1c ./Peripheral/src/ch32v10x_tim.o
 .text.TIM_ClearITPendingBit
                0x0000000000000000        0xe ./Peripheral/src/ch32v10x_tim.o
 .debug_info    0x0000000000000000     0x2b3b ./Peripheral/src/ch32v10x_tim.o
 .debug_abbrev  0x0000000000000000      0x40d ./Peripheral/src/ch32v10x_tim.o
 .debug_loc     0x0000000000000000     0x18c9 ./Peripheral/src/ch32v10x_tim.o
 .debug_aranges
                0x0000000000000000      0x2d0 ./Peripheral/src/ch32v10x_tim.o
 .debug_ranges  0x0000000000000000      0x2f0 ./Peripheral/src/ch32v10x_tim.o
 .debug_line    0x0000000000000000     0x30b9 ./Peripheral/src/ch32v10x_tim.o
 .debug_str     0x0000000000000000     0x13e6 ./Peripheral/src/ch32v10x_tim.o
 .comment       0x0000000000000000       0x34 ./Peripheral/src/ch32v10x_tim.o
 .debug_frame   0x0000000000000000      0x614 ./Peripheral/src/ch32v10x_tim.o
 .text          0x0000000000000000        0x0 ./Peripheral/src/ch32v10x_usart.o
 .data          0x0000000000000000        0x0 ./Peripheral/src/ch32v10x_usart.o
 .bss           0x0000000000000000        0x0 ./Peripheral/src/ch32v10x_usart.o
 .text.USART_DeInit
                0x0000000000000000       0xb8 ./Peripheral/src/ch32v10x_usart.o
 .text.USART_Init
                0x0000000000000000       0xb4 ./Peripheral/src/ch32v10x_usart.o
 .text.USART_StructInit
                0x0000000000000000       0x18 ./Peripheral/src/ch32v10x_usart.o
 .text.USART_ClockInit
                0x0000000000000000       0x2a ./Peripheral/src/ch32v10x_usart.o
 .text.USART_ClockStructInit
                0x0000000000000000       0x12 ./Peripheral/src/ch32v10x_usart.o
 .text.USART_Cmd
                0x0000000000000000       0x1c ./Peripheral/src/ch32v10x_usart.o
 .text.USART_ITConfig
                0x0000000000000000       0x36 ./Peripheral/src/ch32v10x_usart.o
 .text.USART_DMACmd
                0x0000000000000000       0x16 ./Peripheral/src/ch32v10x_usart.o
 .text.USART_SetAddress
                0x0000000000000000       0x1e ./Peripheral/src/ch32v10x_usart.o
 .text.USART_WakeUpConfig
                0x0000000000000000       0x1c ./Peripheral/src/ch32v10x_usart.o
 .text.USART_ReceiverWakeUpCmd
                0x0000000000000000       0x1c ./Peripheral/src/ch32v10x_usart.o
 .text.USART_LINBreakDetectLengthConfig
                0x0000000000000000       0x20 ./Peripheral/src/ch32v10x_usart.o
 .text.USART_LINCmd
                0x0000000000000000       0x1c ./Peripheral/src/ch32v10x_usart.o
 .text.USART_SendData
                0x0000000000000000        0xa ./Peripheral/src/ch32v10x_usart.o
 .text.USART_ReceiveData
                0x0000000000000000        0xa ./Peripheral/src/ch32v10x_usart.o
 .text.USART_SendBreak
                0x0000000000000000        0xe ./Peripheral/src/ch32v10x_usart.o
 .text.USART_SetGuardTime
                0x0000000000000000       0x1a ./Peripheral/src/ch32v10x_usart.o
 .text.USART_SetPrescaler
                0x0000000000000000       0x20 ./Peripheral/src/ch32v10x_usart.o
 .text.USART_SmartCardCmd
                0x0000000000000000       0x1e ./Peripheral/src/ch32v10x_usart.o
 .text.USART_SmartCardNACKCmd
                0x0000000000000000       0x1c ./Peripheral/src/ch32v10x_usart.o
 .text.USART_HalfDuplexCmd
                0x0000000000000000       0x1c ./Peripheral/src/ch32v10x_usart.o
 .text.USART_IrDAConfig
                0x0000000000000000       0x1e ./Peripheral/src/ch32v10x_usart.o
 .text.USART_IrDACmd
                0x0000000000000000       0x1c ./Peripheral/src/ch32v10x_usart.o
 .text.USART_GetFlagStatus
                0x0000000000000000        0xc ./Peripheral/src/ch32v10x_usart.o
 .text.USART_ClearFlag
                0x0000000000000000        0xe ./Peripheral/src/ch32v10x_usart.o
 .text.USART_GetITStatus
                0x0000000000000000       0x44 ./Peripheral/src/ch32v10x_usart.o
 .text.USART_ClearITPendingBit
                0x0000000000000000       0x16 ./Peripheral/src/ch32v10x_usart.o
 .debug_info    0x0000000000000000     0x1515 ./Peripheral/src/ch32v10x_usart.o
 .debug_abbrev  0x0000000000000000      0x317 ./Peripheral/src/ch32v10x_usart.o
 .debug_loc     0x0000000000000000      0x72e ./Peripheral/src/ch32v10x_usart.o
 .debug_aranges
                0x0000000000000000       0xf0 ./Peripheral/src/ch32v10x_usart.o
 .debug_ranges  0x0000000000000000       0xe0 ./Peripheral/src/ch32v10x_usart.o
 .debug_line    0x0000000000000000      0xe33 ./Peripheral/src/ch32v10x_usart.o
 .debug_str     0x0000000000000000      0xc55 ./Peripheral/src/ch32v10x_usart.o
 .comment       0x0000000000000000       0x34 ./Peripheral/src/ch32v10x_usart.o
 .debug_frame   0x0000000000000000      0x1e4 ./Peripheral/src/ch32v10x_usart.o
 .text          0x0000000000000000        0x0 ./Peripheral/src/ch32v10x_usb.o
 .data          0x0000000000000000        0x0 ./Peripheral/src/ch32v10x_usb.o
 .bss           0x0000000000000000        0x0 ./Peripheral/src/ch32v10x_usb.o
 .text.USB_DeviceInit
                0x0000000000000000       0xc2 ./Peripheral/src/ch32v10x_usb.o
 .text.DevEP1_IN_Deal
                0x0000000000000000       0x16 ./Peripheral/src/ch32v10x_usb.o
 .text.DevEP2_IN_Deal
                0x0000000000000000       0x16 ./Peripheral/src/ch32v10x_usb.o
 .text.DevEP3_IN_Deal
                0x0000000000000000       0x16 ./Peripheral/src/ch32v10x_usb.o
 .text.DevEP4_IN_Deal
                0x0000000000000000       0x16 ./Peripheral/src/ch32v10x_usb.o
 .text.DevEP5_IN_Deal
                0x0000000000000000       0x16 ./Peripheral/src/ch32v10x_usb.o
 .text.DevEP6_IN_Deal
                0x0000000000000000       0x16 ./Peripheral/src/ch32v10x_usb.o
 .text.DevEP7_IN_Deal
                0x0000000000000000       0x16 ./Peripheral/src/ch32v10x_usb.o
 .sbss.pEP0_RAM_Addr
                0x0000000000000000        0x4 ./Peripheral/src/ch32v10x_usb.o
 .sbss.pEP1_RAM_Addr
                0x0000000000000000        0x4 ./Peripheral/src/ch32v10x_usb.o
 .sbss.pEP2_RAM_Addr
                0x0000000000000000        0x4 ./Peripheral/src/ch32v10x_usb.o
 .sbss.pEP3_RAM_Addr
                0x0000000000000000        0x4 ./Peripheral/src/ch32v10x_usb.o
 .sbss.pEP4_RAM_Addr
                0x0000000000000000        0x4 ./Peripheral/src/ch32v10x_usb.o
 .sbss.pEP5_RAM_Addr
                0x0000000000000000        0x4 ./Peripheral/src/ch32v10x_usb.o
 .sbss.pEP6_RAM_Addr
                0x0000000000000000        0x4 ./Peripheral/src/ch32v10x_usb.o
 .sbss.pEP7_RAM_Addr
                0x0000000000000000        0x4 ./Peripheral/src/ch32v10x_usb.o
 .debug_info    0x0000000000000000      0xca2 ./Peripheral/src/ch32v10x_usb.o
 .debug_abbrev  0x0000000000000000      0x217 ./Peripheral/src/ch32v10x_usb.o
 .debug_aranges
                0x0000000000000000       0x58 ./Peripheral/src/ch32v10x_usb.o
 .debug_ranges  0x0000000000000000       0x48 ./Peripheral/src/ch32v10x_usb.o
 .debug_line    0x0000000000000000      0x655 ./Peripheral/src/ch32v10x_usb.o
 .debug_str     0x0000000000000000      0x79e ./Peripheral/src/ch32v10x_usb.o
 .comment       0x0000000000000000       0x34 ./Peripheral/src/ch32v10x_usb.o
 .debug_frame   0x0000000000000000       0x90 ./Peripheral/src/ch32v10x_usb.o
 .text          0x0000000000000000        0x0 ./Peripheral/src/ch32v10x_usb_host.o
 .data          0x0000000000000000        0x0 ./Peripheral/src/ch32v10x_usb_host.o
 .bss           0x0000000000000000        0x0 ./Peripheral/src/ch32v10x_usb_host.o
 .text.SetUsbSpeed.part.1
                0x0000000000000000       0x1e ./Peripheral/src/ch32v10x_usb_host.o
 .text.DisableRootHubPort
                0x0000000000000000        0xa ./Peripheral/src/ch32v10x_usb_host.o
 .text.AnalyzeRootHub
                0x0000000000000000       0x66 ./Peripheral/src/ch32v10x_usb_host.o
 .text.SetHostUsbAddr
                0x0000000000000000       0x18 ./Peripheral/src/ch32v10x_usb_host.o
 .text.SetUsbSpeed
                0x0000000000000000       0x2c ./Peripheral/src/ch32v10x_usb_host.o
 .text.ResetRootHubPort
                0x0000000000000000       0x74 ./Peripheral/src/ch32v10x_usb_host.o
 .text.EnableRootHubPort
                0x0000000000000000       0x5a ./Peripheral/src/ch32v10x_usb_host.o
 .text.WaitUSB_Interrupt
                0x0000000000000000       0x2e ./Peripheral/src/ch32v10x_usb_host.o
 .text.USBHostTransact
                0x0000000000000000      0x12e ./Peripheral/src/ch32v10x_usb_host.o
 .text.HostCtrlTransfer
                0x0000000000000000      0x1ea ./Peripheral/src/ch32v10x_usb_host.o
 .text.CopySetupReqPkg
                0x0000000000000000       0x22 ./Peripheral/src/ch32v10x_usb_host.o
 .text.CtrlGetDeviceDescr
                0x0000000000000000       0x5e ./Peripheral/src/ch32v10x_usb_host.o
 .text.CtrlGetConfigDescr
                0x0000000000000000       0x7e ./Peripheral/src/ch32v10x_usb_host.o
 .text.CtrlSetUsbAddress
                0x0000000000000000       0x58 ./Peripheral/src/ch32v10x_usb_host.o
 .text.CtrlSetUsbConfig
                0x0000000000000000       0x3e ./Peripheral/src/ch32v10x_usb_host.o
 .text.CtrlClearEndpStall
                0x0000000000000000       0x3e ./Peripheral/src/ch32v10x_usb_host.o
 .text.CtrlSetUsbIntercace
                0x0000000000000000       0x3e ./Peripheral/src/ch32v10x_usb_host.o
 .text.USB_HostInit
                0x0000000000000000       0x78 ./Peripheral/src/ch32v10x_usb_host.o
 .text.InitRootDevice
                0x0000000000000000      0x188 ./Peripheral/src/ch32v10x_usb_host.o
 .text.HubGetPortStatus
                0x0000000000000000       0x64 ./Peripheral/src/ch32v10x_usb_host.o
 .text.HubSetPortFeature
                0x0000000000000000       0x4a ./Peripheral/src/ch32v10x_usb_host.o
 .text.HubClearPortFeature
                0x0000000000000000       0x4a ./Peripheral/src/ch32v10x_usb_host.o
 .bss.ThisUsbDev
                0x0000000000000000        0xe ./Peripheral/src/ch32v10x_usb_host.o
 .sbss.FoundNewDev
                0x0000000000000000        0x1 ./Peripheral/src/ch32v10x_usb_host.o
 .sbss.UsbDevEndp0Size
                0x0000000000000000        0x1 ./Peripheral/src/ch32v10x_usb_host.o
 .sbss.pHOST_RX_RAM_Addr
                0x0000000000000000        0x4 ./Peripheral/src/ch32v10x_usb_host.o
 .sbss.pHOST_TX_RAM_Addr
                0x0000000000000000        0x4 ./Peripheral/src/ch32v10x_usb_host.o
 .sdata2.SetupClrEndpStall
                0x0000000000000000        0x8 ./Peripheral/src/ch32v10x_usb_host.o
 .sdata2.SetupGetCfgDescr
                0x0000000000000000        0x8 ./Peripheral/src/ch32v10x_usb_host.o
 .sdata2.SetupGetDevDescr
                0x0000000000000000        0x8 ./Peripheral/src/ch32v10x_usb_host.o
 .sdata2.SetupSetUsbAddr
                0x0000000000000000        0x8 ./Peripheral/src/ch32v10x_usb_host.o
 .sdata2.SetupSetUsbConfig
                0x0000000000000000        0x8 ./Peripheral/src/ch32v10x_usb_host.o
 .sdata2.SetupSetUsbInterface
                0x0000000000000000        0x8 ./Peripheral/src/ch32v10x_usb_host.o
 .debug_info    0x0000000000000000     0x1974 ./Peripheral/src/ch32v10x_usb_host.o
 .debug_abbrev  0x0000000000000000      0x495 ./Peripheral/src/ch32v10x_usb_host.o
 .debug_loc     0x0000000000000000      0x969 ./Peripheral/src/ch32v10x_usb_host.o
 .debug_aranges
                0x0000000000000000       0xc8 ./Peripheral/src/ch32v10x_usb_host.o
 .debug_ranges  0x0000000000000000       0xd8 ./Peripheral/src/ch32v10x_usb_host.o
 .debug_line    0x0000000000000000     0x18b7 ./Peripheral/src/ch32v10x_usb_host.o
 .debug_str     0x0000000000000000      0xc08 ./Peripheral/src/ch32v10x_usb_host.o
 .comment       0x0000000000000000       0x34 ./Peripheral/src/ch32v10x_usb_host.o
 .debug_frame   0x0000000000000000      0x2bc ./Peripheral/src/ch32v10x_usb_host.o
 .text          0x0000000000000000        0x0 ./Peripheral/src/ch32v10x_wwdg.o
 .data          0x0000000000000000        0x0 ./Peripheral/src/ch32v10x_wwdg.o
 .bss           0x0000000000000000        0x0 ./Peripheral/src/ch32v10x_wwdg.o
 .text.WWDG_DeInit
                0x0000000000000000       0x2e ./Peripheral/src/ch32v10x_wwdg.o
 .text.WWDG_SetPrescaler
                0x0000000000000000       0x14 ./Peripheral/src/ch32v10x_wwdg.o
 .text.WWDG_SetWindowValue
                0x0000000000000000       0x26 ./Peripheral/src/ch32v10x_wwdg.o
 .text.WWDG_EnableIT
                0x0000000000000000       0x12 ./Peripheral/src/ch32v10x_wwdg.o
 .text.WWDG_SetCounter
                0x0000000000000000        0xe ./Peripheral/src/ch32v10x_wwdg.o
 .text.WWDG_Enable
                0x0000000000000000        0xe ./Peripheral/src/ch32v10x_wwdg.o
 .text.WWDG_GetFlagStatus
                0x0000000000000000        0xa ./Peripheral/src/ch32v10x_wwdg.o
 .text.WWDG_ClearFlag
                0x0000000000000000        0xa ./Peripheral/src/ch32v10x_wwdg.o
 .debug_info    0x0000000000000000      0xcda ./Peripheral/src/ch32v10x_wwdg.o
 .debug_abbrev  0x0000000000000000      0x2a2 ./Peripheral/src/ch32v10x_wwdg.o
 .debug_loc     0x0000000000000000       0xae ./Peripheral/src/ch32v10x_wwdg.o
 .debug_aranges
                0x0000000000000000       0x58 ./Peripheral/src/ch32v10x_wwdg.o
 .debug_ranges  0x0000000000000000       0x48 ./Peripheral/src/ch32v10x_wwdg.o
 .debug_line    0x0000000000000000      0x436 ./Peripheral/src/ch32v10x_wwdg.o
 .debug_str     0x0000000000000000      0x81d ./Peripheral/src/ch32v10x_wwdg.o
 .comment       0x0000000000000000       0x34 ./Peripheral/src/ch32v10x_wwdg.o
 .debug_frame   0x0000000000000000       0xa4 ./Peripheral/src/ch32v10x_wwdg.o
 .text          0x0000000000000000        0x0 ./Debug/debug.o
 .data          0x0000000000000000        0x0 ./Debug/debug.o
 .bss           0x0000000000000000        0x0 ./Debug/debug.o
 .text.USART_Printf_Init
                0x0000000000000000       0x74 ./Debug/debug.o
 .text.SDI_Printf_Enable
                0x0000000000000000       0x2a ./Debug/debug.o
 .text._write   0x0000000000000000       0x4e ./Debug/debug.o
 .text._sbrk    0x0000000000000000       0x2e ./Debug/debug.o
 .sdata.curbrk.4588
                0x0000000000000000        0x4 ./Debug/debug.o
 .text          0x0000000000000000        0x0 ./Core/core_riscv.o
 .data          0x0000000000000000        0x0 ./Core/core_riscv.o
 .bss           0x0000000000000000        0x0 ./Core/core_riscv.o
 .text.__get_MSTATUS
                0x0000000000000000        0x6 ./Core/core_riscv.o
 .text.__set_MSTATUS
                0x0000000000000000        0x6 ./Core/core_riscv.o
 .text.__get_MISA
                0x0000000000000000        0x6 ./Core/core_riscv.o
 .text.__set_MISA
                0x0000000000000000        0x6 ./Core/core_riscv.o
 .text.__get_MTVEC
                0x0000000000000000        0x6 ./Core/core_riscv.o
 .text.__set_MTVEC
                0x0000000000000000        0x6 ./Core/core_riscv.o
 .text.__get_MSCRATCH
                0x0000000000000000        0x6 ./Core/core_riscv.o
 .text.__set_MSCRATCH
                0x0000000000000000        0x6 ./Core/core_riscv.o
 .text.__get_MEPC
                0x0000000000000000        0x6 ./Core/core_riscv.o
 .text.__set_MEPC
                0x0000000000000000        0x6 ./Core/core_riscv.o
 .text.__get_MCAUSE
                0x0000000000000000        0x6 ./Core/core_riscv.o
 .text.__set_MCAUSE
                0x0000000000000000        0x6 ./Core/core_riscv.o
 .text.__get_MTVAL
                0x0000000000000000        0x6 ./Core/core_riscv.o
 .text.__set_MTVAL
                0x0000000000000000        0x6 ./Core/core_riscv.o
 .text.__get_MVENDORID
                0x0000000000000000        0x6 ./Core/core_riscv.o
 .text.__get_MARCHID
                0x0000000000000000        0x6 ./Core/core_riscv.o
 .text.__get_MIMPID
                0x0000000000000000        0x6 ./Core/core_riscv.o
 .text.__get_MHARTID
                0x0000000000000000        0x6 ./Core/core_riscv.o
 .text.__get_SP
                0x0000000000000000        0x4 ./Core/core_riscv.o
 .debug_info    0x0000000000000000      0x375 ./Core/core_riscv.o
 .debug_abbrev  0x0000000000000000       0xe0 ./Core/core_riscv.o
 .debug_aranges
                0x0000000000000000       0xb0 ./Core/core_riscv.o
 .debug_ranges  0x0000000000000000       0xa0 ./Core/core_riscv.o
 .debug_line    0x0000000000000000      0x446 ./Core/core_riscv.o
 .debug_str     0x0000000000000000      0x26e ./Core/core_riscv.o
 .comment       0x0000000000000000       0x34 ./Core/core_riscv.o
 .debug_frame   0x0000000000000000      0x140 ./Core/core_riscv.o
 .data          0x0000000000000000        0x0 c:/mounriver/mounriver_studio/toolchain/risc-v embedded gcc/bin/../lib/gcc/riscv-none-embed/8.2.0/rv32imac/ilp32\libgcc.a(save-restore.o)
 .bss           0x0000000000000000        0x0 c:/mounriver/mounriver_studio/toolchain/risc-v embedded gcc/bin/../lib/gcc/riscv-none-embed/8.2.0/rv32imac/ilp32\libgcc.a(save-restore.o)
 .eh_frame      0x0000000000000000       0xf8 c:/mounriver/mounriver_studio/toolchain/risc-v embedded gcc/bin/../lib/gcc/riscv-none-embed/8.2.0/rv32imac/ilp32\libgcc.a(save-restore.o)

Memory Configuration

Name             Origin             Length             Attributes
FLASH            0x0000000000000000 0x0000000000010000 xr
RAM              0x0000000020000000 0x0000000000005000 xrw
*default*        0x0000000000000000 0xffffffffffffffff

Linker script and memory map

LOAD ./User/ch32v10x_it.o
LOAD ./User/main.o
LOAD ./User/system_ch32v10x.o
LOAD ./Startup/startup_ch32v10x.o
LOAD ./Peripheral/src/ch32v10x_adc.o
LOAD ./Peripheral/src/ch32v10x_bkp.o
LOAD ./Peripheral/src/ch32v10x_crc.o
LOAD ./Peripheral/src/ch32v10x_dbgmcu.o
LOAD ./Peripheral/src/ch32v10x_dma.o
LOAD ./Peripheral/src/ch32v10x_exti.o
LOAD ./Peripheral/src/ch32v10x_flash.o
LOAD ./Peripheral/src/ch32v10x_gpio.o
LOAD ./Peripheral/src/ch32v10x_i2c.o
LOAD ./Peripheral/src/ch32v10x_iwdg.o
LOAD ./Peripheral/src/ch32v10x_misc.o
LOAD ./Peripheral/src/ch32v10x_pwr.o
LOAD ./Peripheral/src/ch32v10x_rcc.o
LOAD ./Peripheral/src/ch32v10x_rtc.o
LOAD ./Peripheral/src/ch32v10x_spi.o
LOAD ./Peripheral/src/ch32v10x_tim.o
LOAD ./Peripheral/src/ch32v10x_usart.o
LOAD ./Peripheral/src/ch32v10x_usb.o
LOAD ./Peripheral/src/ch32v10x_usb_host.o
LOAD ./Peripheral/src/ch32v10x_wwdg.o
LOAD ./Debug/debug.o
LOAD ./Core/core_riscv.o
LOAD c:/mounriver/mounriver_studio/toolchain/risc-v embedded gcc/bin/../lib/gcc/riscv-none-embed/8.2.0/rv32imac/ilp32\libgcc.a
LOAD c:/mounriver/mounriver_studio/toolchain/risc-v embedded gcc/bin/../lib/gcc/riscv-none-embed/8.2.0/../../../../riscv-none-embed/lib/rv32imac/ilp32\libg_nano.a
LOAD c:/mounriver/mounriver_studio/toolchain/risc-v embedded gcc/bin/../lib/gcc/riscv-none-embed/8.2.0/../../../../riscv-none-embed/lib/rv32imac/ilp32\libc_nano.a
LOAD c:/mounriver/mounriver_studio/toolchain/risc-v embedded gcc/bin/../lib/gcc/riscv-none-embed/8.2.0/rv32imac/ilp32\libgcc.a
START GROUP
LOAD c:/mounriver/mounriver_studio/toolchain/risc-v embedded gcc/bin/../lib/gcc/riscv-none-embed/8.2.0/rv32imac/ilp32\libgcc.a
LOAD c:/mounriver/mounriver_studio/toolchain/risc-v embedded gcc/bin/../lib/gcc/riscv-none-embed/8.2.0/../../../../riscv-none-embed/lib/rv32imac/ilp32\libc_nano.a
LOAD c:/mounriver/mounriver_studio/toolchain/risc-v embedded gcc/bin/../lib/gcc/riscv-none-embed/8.2.0/../../../../riscv-none-embed/lib/rv32imac/ilp32\libnosys.a
END GROUP
START GROUP
LOAD c:/mounriver/mounriver_studio/toolchain/risc-v embedded gcc/bin/../lib/gcc/riscv-none-embed/8.2.0/rv32imac/ilp32\libgcc.a
LOAD c:/mounriver/mounriver_studio/toolchain/risc-v embedded gcc/bin/../lib/gcc/riscv-none-embed/8.2.0/../../../../riscv-none-embed/lib/rv32imac/ilp32\libc_nano.a
LOAD c:/mounriver/mounriver_studio/toolchain/risc-v embedded gcc/bin/../lib/gcc/riscv-none-embed/8.2.0/../../../../riscv-none-embed/lib/rv32imac/ilp32\libnosys.a
END GROUP
                0x0000000000000800                __stack_size = 0x800
                [!provide]                        PROVIDE (_stack_size = __stack_size)

.init           0x0000000000000000       0x38
                0x0000000000000000                _sinit = .
                0x0000000000000000                . = ALIGN (0x4)
 *(SORT_NONE(.init))
 .init          0x0000000000000000       0x38 ./Startup/startup_ch32v10x.o
                0x0000000000000000                _start
                0x0000000000000038                . = ALIGN (0x4)
                0x0000000000000038                _einit = .

.vector         0x0000000000000038      0x108
 *(.vector)
 .vector        0x0000000000000038       0xf0 ./Startup/startup_ch32v10x.o
                0x0000000000000140                . = ALIGN (0x40)
 *fill*         0x0000000000000128       0x18 

.text           0x0000000000000140     0x149c
                0x0000000000000140                . = ALIGN (0x4)
 *(.text)
 .text          0x0000000000000140       0x60 c:/mounriver/mounriver_studio/toolchain/risc-v embedded gcc/bin/../lib/gcc/riscv-none-embed/8.2.0/rv32imac/ilp32\libgcc.a(save-restore.o)
                0x0000000000000140                __riscv_save_12
                0x0000000000000148                __riscv_save_9
                0x0000000000000148                __riscv_save_11
                0x0000000000000148                __riscv_save_10
                0x0000000000000148                __riscv_save_8
                0x0000000000000156                __riscv_save_4
                0x0000000000000156                __riscv_save_6
                0x0000000000000156                __riscv_save_5
                0x0000000000000156                __riscv_save_7
                0x0000000000000170                __riscv_save_3
                0x0000000000000170                __riscv_save_2
                0x0000000000000170                __riscv_save_1
                0x0000000000000170                __riscv_save_0
                0x000000000000017c                __riscv_restore_12
                0x0000000000000180                __riscv_restore_11
                0x0000000000000180                __riscv_restore_9
                0x0000000000000180                __riscv_restore_10
                0x0000000000000180                __riscv_restore_8
                0x000000000000018a                __riscv_restore_5
                0x000000000000018a                __riscv_restore_7
                0x000000000000018a                __riscv_restore_6
                0x000000000000018a                __riscv_restore_4
                0x0000000000000194                __riscv_restore_3
                0x0000000000000194                __riscv_restore_0
                0x0000000000000194                __riscv_restore_2
                0x0000000000000194                __riscv_restore_1
 *(.text.*)
 .text.NMI_Handler
                0x00000000000001a0        0x2 ./User/ch32v10x_it.o
                0x00000000000001a0                NMI_Handler
 .text.HardFault_Handler
                0x00000000000001a2        0x2 ./User/ch32v10x_it.o
                0x00000000000001a2                HardFault_Handler
 .text.play_byte
                0x00000000000001a4       0x60 ./User/main.o
                0x00000000000001a4                play_byte
 .text.play_loader
                0x0000000000000204       0x52 ./User/main.o
                0x0000000000000204                play_loader
 .text.flash_init1
                0x0000000000000256       0xf4 ./User/main.o
                0x0000000000000256                flash_init1
 .text.read_flash
                0x000000000000034a       0xcc ./User/main.o
                0x000000000000034a                read_flash
 .text.write_PU2
                0x0000000000000416       0x4c ./User/main.o
                0x0000000000000416                write_PU2
 .text.gpio_init
                0x0000000000000462      0x202 ./User/main.o
                0x0000000000000462                gpio_init
 .text.my_rcc_init
                0x0000000000000664       0x32 ./User/main.o
                0x0000000000000664                my_rcc_init
 .text.startup.main
                0x0000000000000696      0x2ee ./User/main.o
                0x0000000000000696                main
 .text.SystemInit
                0x0000000000000984      0x106 ./User/system_ch32v10x.o
                0x0000000000000984                SystemInit
 .text.vector_handler
                0x0000000000000a8a        0x2 ./Startup/startup_ch32v10x.o
                0x0000000000000a8a                EXTI2_IRQHandler
                0x0000000000000a8a                TIM1_CC_IRQHandler
                0x0000000000000a8a                SysTick_Handler
                0x0000000000000a8a                PVD_IRQHandler
                0x0000000000000a8a                EXTI3_IRQHandler
                0x0000000000000a8a                USBFS_IRQHandler
                0x0000000000000a8a                EXTI0_IRQHandler
                0x0000000000000a8a                I2C2_EV_IRQHandler
                0x0000000000000a8a                ADC1_2_IRQHandler
                0x0000000000000a8a                SPI1_IRQHandler
                0x0000000000000a8a                TAMPER_IRQHandler
                0x0000000000000a8a                DMA1_Channel4_IRQHandler
                0x0000000000000a8a                USART3_IRQHandler
                0x0000000000000a8a                RTC_IRQHandler
                0x0000000000000a8a                DMA1_Channel7_IRQHandler
                0x0000000000000a8a                TIM4_IRQHandler
                0x0000000000000a8a                I2C1_EV_IRQHandler
                0x0000000000000a8a                DMA1_Channel6_IRQHandler
                0x0000000000000a8a                TIM3_IRQHandler
                0x0000000000000a8a                RCC_IRQHandler
                0x0000000000000a8a                TIM1_TRG_COM_IRQHandler
                0x0000000000000a8a                DMA1_Channel1_IRQHandler
                0x0000000000000a8a                EXTI15_10_IRQHandler
                0x0000000000000a8a                EXTI9_5_IRQHandler
                0x0000000000000a8a                SPI2_IRQHandler
                0x0000000000000a8a                DMA1_Channel5_IRQHandler
                0x0000000000000a8a                EXTI4_IRQHandler
                0x0000000000000a8a                DMA1_Channel3_IRQHandler
                0x0000000000000a8a                TIM1_UP_IRQHandler
                0x0000000000000a8a                WWDG_IRQHandler
                0x0000000000000a8a                TIM2_IRQHandler
                0x0000000000000a8a                SW_Handler
                0x0000000000000a8a                TIM1_BRK_IRQHandler
                0x0000000000000a8a                EXTI1_IRQHandler
                0x0000000000000a8a                RTCAlarm_IRQHandler
                0x0000000000000a8a                USART2_IRQHandler
                0x0000000000000a8a                I2C2_ER_IRQHandler
                0x0000000000000a8a                DMA1_Channel2_IRQHandler
                0x0000000000000a8a                FLASH_IRQHandler
                0x0000000000000a8a                USART1_IRQHandler
                0x0000000000000a8a                I2C1_ER_IRQHandler
                0x0000000000000a8a                USBWakeUp_IRQHandler
 .text.handle_reset
                0x0000000000000a8c       0x7a ./Startup/startup_ch32v10x.o
                0x0000000000000a8c                handle_reset
 .text.GPIO_Init
                0x0000000000000b06       0xc2 ./Peripheral/src/ch32v10x_gpio.o
                0x0000000000000b06                GPIO_Init
 .text.GPIO_ReadInputDataBit
                0x0000000000000bc8        0xa ./Peripheral/src/ch32v10x_gpio.o
                0x0000000000000bc8                GPIO_ReadInputDataBit
 .text.GPIO_SetBits
                0x0000000000000bd2        0x4 ./Peripheral/src/ch32v10x_gpio.o
                0x0000000000000bd2                GPIO_SetBits
 .text.GPIO_ResetBits
                0x0000000000000bd6        0x4 ./Peripheral/src/ch32v10x_gpio.o
                0x0000000000000bd6                GPIO_ResetBits
 .text.RCC_HSICmd
                0x0000000000000bda       0x14 ./Peripheral/src/ch32v10x_rcc.o
                0x0000000000000bda                RCC_HSICmd
 .text.RCC_PLLConfig
                0x0000000000000bee       0x16 ./Peripheral/src/ch32v10x_rcc.o
                0x0000000000000bee                RCC_PLLConfig
 .text.RCC_PLLCmd
                0x0000000000000c04       0x24 ./Peripheral/src/ch32v10x_rcc.o
                0x0000000000000c04                RCC_PLLCmd
 .text.RCC_SYSCLKConfig
                0x0000000000000c28        0xe ./Peripheral/src/ch32v10x_rcc.o
                0x0000000000000c28                RCC_SYSCLKConfig
 .text.RCC_APB2PeriphClockCmd
                0x0000000000000c36       0x1e ./Peripheral/src/ch32v10x_rcc.o
                0x0000000000000c36                RCC_APB2PeriphClockCmd
 .text.RCC_GetFlagStatus
                0x0000000000000c54       0x2e ./Peripheral/src/ch32v10x_rcc.o
                0x0000000000000c54                RCC_GetFlagStatus
 .text.Delay_Init
                0x0000000000000c82       0x2a ./Debug/debug.o
                0x0000000000000c82                Delay_Init
 .text.Delay_Us
                0x0000000000000cac       0x30 ./Debug/debug.o
                0x0000000000000cac                Delay_Us
 .text.Delay_Ms
                0x0000000000000cdc       0x30 ./Debug/debug.o
                0x0000000000000cdc                Delay_Ms
 *(.rodata)
 *(.rodata*)
 *fill*         0x0000000000000d0c        0x0 
 .rodata.ROM_menu
                0x0000000000000d0c      0x100 ./User/main.o
 .rodata.loader1
                0x0000000000000e0c      0x7d0 ./User/main.o
 *(.gnu.linkonce.t.*)
                0x00000000000015dc                . = ALIGN (0x4)

.rela.dyn       0x00000000000015dc        0x0
 .rela.init     0x00000000000015dc        0x0 ./User/ch32v10x_it.o
 .rela.vector   0x00000000000015dc        0x0 ./User/ch32v10x_it.o
 .rela.text.handle_reset
                0x00000000000015dc        0x0 ./User/ch32v10x_it.o

.fini           0x00000000000015dc        0x0
 *(SORT_NONE(.fini))
                0x00000000000015dc                . = ALIGN (0x4)
                [!provide]                        PROVIDE (_etext = .)
                [!provide]                        PROVIDE (_eitcm = .)

.preinit_array  0x00000000000015dc        0x0
                [!provide]                        PROVIDE (__preinit_array_start = .)
 *(.preinit_array)
                [!provide]                        PROVIDE (__preinit_array_end = .)

.init_array     0x00000000000015dc        0x0
                [!provide]                        PROVIDE (__init_array_start = .)
 *(SORT_BY_INIT_PRIORITY(.init_array.*) SORT_BY_INIT_PRIORITY(.ctors.*))
 *(.init_array EXCLUDE_FILE(*crtend?.o *crtend.o *crtbegin?.o *crtbegin.o) .ctors)
                [!provide]                        PROVIDE (__init_array_end = .)

.fini_array     0x00000000000015dc        0x0
                [!provide]                        PROVIDE (__fini_array_start = .)
 *(SORT_BY_INIT_PRIORITY(.fini_array.*) SORT_BY_INIT_PRIORITY(.dtors.*))
 *(.fini_array EXCLUDE_FILE(*crtend?.o *crtend.o *crtbegin?.o *crtbegin.o) .dtors)
                [!provide]                        PROVIDE (__fini_array_end = .)

.ctors
 *crtbegin.o(.ctors)
 *crtbegin?.o(.ctors)
 *(EXCLUDE_FILE(*crtend?.o *crtend.o) .ctors)
 *(SORT_BY_NAME(.ctors.*))
 *(.ctors)

.dtors
 *crtbegin.o(.dtors)
 *crtbegin?.o(.dtors)
 *(EXCLUDE_FILE(*crtend?.o *crtend.o) .dtors)
 *(SORT_BY_NAME(.dtors.*))
 *(.dtors)

.dalign         0x0000000020000000        0x0 load address 0x00000000000015dc
                0x0000000020000000                . = ALIGN (0x4)
                0x0000000020000000                PROVIDE (_data_vma = .)

.dlalign        0x00000000000015dc        0x0
                0x00000000000015dc                . = ALIGN (0x4)
                0x00000000000015dc                PROVIDE (_data_lma = .)

.data           0x0000000020000000        0x8 load address 0x00000000000015dc
 *(.gnu.linkonce.r.*)
 *(.data .data.*)
 *(.gnu.linkonce.d.*)
                0x0000000020000000                . = ALIGN (0x8)
                0x0000000020000800                PROVIDE (__global_pointer$ = (. + 0x800))
 *(.sdata .sdata.*)
 .sdata.SystemCoreClock
                0x0000000020000000        0x4 ./User/system_ch32v10x.o
                0x0000000020000000                SystemCoreClock
 *(.sdata2.*)
 *(.gnu.linkonce.s.*)
                0x0000000020000008                . = ALIGN (0x8)
 *fill*         0x0000000020000004        0x4 
 *(.srodata.cst16)
 *(.srodata.cst8)
 *(.srodata.cst4)
 *(.srodata.cst2)
 *(.srodata .srodata.*)
                0x0000000020000008                . = ALIGN (0x4)
                0x0000000020000008                PROVIDE (_edata = .)

.bss            0x0000000020000008       0x18 load address 0x00000000000015e4
                0x0000000020000008                . = ALIGN (0x4)
                0x0000000020000008                PROVIDE (_sbss = .)
 *(.sbss*)
 .sbss.MODE1_FLAG
                0x0000000020000008        0x1 ./User/main.o
                0x0000000020000008                MODE1_FLAG
 .sbss.MODE2_FLAG
                0x0000000020000009        0x1 ./User/main.o
                0x0000000020000009                MODE2_FLAG
 .sbss.PU_addr  0x000000002000000a        0x1 ./User/main.o
                0x000000002000000a                PU_addr
 *fill*         0x000000002000000b        0x1 
 .sbss.PU_addr_in
                0x000000002000000c        0x2 ./User/main.o
                0x000000002000000c                PU_addr_in
 .sbss.PU_data  0x000000002000000e        0x1 ./User/main.o
                0x000000002000000e                PU_data
 *fill*         0x000000002000000f        0x1 
 .sbss.PU_data_out
                0x0000000020000010        0x2 ./User/main.o
                0x0000000020000010                PU_data_out
 .sbss.byte_addr
                0x0000000020000012        0x2 ./User/main.o
                0x0000000020000012                byte_addr
 .sbss.file_addr
                0x0000000020000014        0x2 ./User/main.o
                0x0000000020000014                file_addr
 .sbss.file_addrH
                0x0000000020000016        0x1 ./User/main.o
                0x0000000020000016                file_addrH
 .sbss.file_addrL
                0x0000000020000017        0x1 ./User/main.o
                0x0000000020000017                file_addrL
 .sbss.file_byte
                0x0000000020000018        0x1 ./User/main.o
                0x0000000020000018                file_byte
 *fill*         0x0000000020000019        0x1 
 .sbss.p_ms     0x000000002000001a        0x2 ./Debug/debug.o
 .sbss.p_us     0x000000002000001c        0x1 ./Debug/debug.o
 *(.gnu.linkonce.sb.*)
 *(.bss*)
 *(.gnu.linkonce.b.*)
 *(COMMON*)
                0x0000000020000020                . = ALIGN (0x4)
 *fill*         0x000000002000001d        0x3 
                0x0000000020000020                PROVIDE (_ebss = .)
                0x0000000020000020                PROVIDE (_end = _ebss)
                [!provide]                        PROVIDE (end = .)

.stack          0x0000000020004800      0x800
                0x0000000020004800                PROVIDE (_heap_end = .)
                0x0000000020004800                . = ALIGN (0x4)
                [!provide]                        PROVIDE (_susrstack = .)
                0x0000000020005000                . = (. + __stack_size)
 *fill*         0x0000000020004800      0x800 
                0x0000000020005000                PROVIDE (_eusrstack = .)
OUTPUT(game500.elf elf32-littleriscv)

.debug_info     0x0000000000000000     0x6a66
 .debug_info    0x0000000000000000      0xb15 ./User/ch32v10x_it.o
 .debug_info    0x0000000000000b15     0x1981 ./User/main.o
 .debug_info    0x0000000000002496      0xdb7 ./User/system_ch32v10x.o
 .debug_info    0x000000000000324d       0x22 ./Startup/startup_ch32v10x.o
 .debug_info    0x000000000000326f     0x12e7 ./Peripheral/src/ch32v10x_gpio.o
 .debug_info    0x0000000000004556     0x139e ./Peripheral/src/ch32v10x_rcc.o
 .debug_info    0x00000000000058f4     0x1172 ./Debug/debug.o

.debug_abbrev   0x0000000000000000     0x1151
 .debug_abbrev  0x0000000000000000      0x1d4 ./User/ch32v10x_it.o
 .debug_abbrev  0x00000000000001d4      0x331 ./User/main.o
 .debug_abbrev  0x0000000000000505      0x2c5 ./User/system_ch32v10x.o
 .debug_abbrev  0x00000000000007ca       0x12 ./Startup/startup_ch32v10x.o
 .debug_abbrev  0x00000000000007dc      0x33d ./Peripheral/src/ch32v10x_gpio.o
 .debug_abbrev  0x0000000000000b19      0x356 ./Peripheral/src/ch32v10x_rcc.o
 .debug_abbrev  0x0000000000000e6f      0x2e2 ./Debug/debug.o

.debug_aranges  0x0000000000000000      0x2f0
 .debug_aranges
                0x0000000000000000       0x28 ./User/ch32v10x_it.o
 .debug_aranges
                0x0000000000000028       0x58 ./User/main.o
 .debug_aranges
                0x0000000000000080       0x28 ./User/system_ch32v10x.o
 .debug_aranges
                0x00000000000000a8       0x38 ./Startup/startup_ch32v10x.o
 .debug_aranges
                0x00000000000000e0       0xa8 ./Peripheral/src/ch32v10x_gpio.o
 .debug_aranges
                0x0000000000000188      0x118 ./Peripheral/src/ch32v10x_rcc.o
 .debug_aranges
                0x00000000000002a0       0x50 ./Debug/debug.o

.debug_ranges   0x0000000000000000      0x2a8
 .debug_ranges  0x0000000000000000       0x18 ./User/ch32v10x_it.o
 .debug_ranges  0x0000000000000018       0x48 ./User/main.o
 .debug_ranges  0x0000000000000060       0x38 ./User/system_ch32v10x.o
 .debug_ranges  0x0000000000000098       0x30 ./Startup/startup_ch32v10x.o
 .debug_ranges  0x00000000000000c8       0x98 ./Peripheral/src/ch32v10x_gpio.o
 .debug_ranges  0x0000000000000160      0x108 ./Peripheral/src/ch32v10x_rcc.o
 .debug_ranges  0x0000000000000268       0x40 ./Debug/debug.o

.debug_line     0x0000000000000000     0x4989
 .debug_line    0x0000000000000000      0x24b ./User/ch32v10x_it.o
 .debug_line    0x000000000000024b     0x1a6a ./User/main.o
 .debug_line    0x0000000000001cb5      0x662 ./User/system_ch32v10x.o
 .debug_line    0x0000000000002317      0x21e ./Startup/startup_ch32v10x.o
 .debug_line    0x0000000000002535      0xd3f ./Peripheral/src/ch32v10x_gpio.o
 .debug_line    0x0000000000003274     0x1041 ./Peripheral/src/ch32v10x_rcc.o
 .debug_line    0x00000000000042b5      0x6d4 ./Debug/debug.o

.debug_str      0x0000000000000000     0x12f3
 .debug_str     0x0000000000000000      0x6b4 ./User/ch32v10x_it.o
                                        0x721 (size before relaxing)
 .debug_str     0x00000000000006b4      0x370 ./User/main.o
                                        0xa79 (size before relaxing)
 .debug_str     0x0000000000000a24      0x12d ./User/system_ch32v10x.o
                                        0x85e (size before relaxing)
 .debug_str     0x0000000000000b51       0x3a ./Startup/startup_ch32v10x.o
 .debug_str     0x0000000000000b8b      0x217 ./Peripheral/src/ch32v10x_gpio.o
                                        0xae5 (size before relaxing)
 .debug_str     0x0000000000000da2      0x34d ./Peripheral/src/ch32v10x_rcc.o
                                        0xbe8 (size before relaxing)
 .debug_str     0x00000000000010ef      0x204 ./Debug/debug.o
                                        0xad0 (size before relaxing)

.comment        0x0000000000000000       0x33
 .comment       0x0000000000000000       0x33 ./User/ch32v10x_it.o
                                         0x34 (size before relaxing)
 .comment       0x0000000000000033       0x34 ./User/main.o
 .comment       0x0000000000000033       0x34 ./User/system_ch32v10x.o
 .comment       0x0000000000000033       0x34 ./Peripheral/src/ch32v10x_gpio.o
 .comment       0x0000000000000033       0x34 ./Peripheral/src/ch32v10x_rcc.o
 .comment       0x0000000000000033       0x34 ./Debug/debug.o

.debug_frame    0x0000000000000000      0x5f8
 .debug_frame   0x0000000000000000       0x30 ./User/ch32v10x_it.o
 .debug_frame   0x0000000000000030      0x154 ./User/main.o
 .debug_frame   0x0000000000000184       0x3c ./User/system_ch32v10x.o
 .debug_frame   0x00000000000001c0      0x15c ./Peripheral/src/ch32v10x_gpio.o
 .debug_frame   0x000000000000031c      0x224 ./Peripheral/src/ch32v10x_rcc.o
 .debug_frame   0x0000000000000540       0xb8 ./Debug/debug.o

.debug_loc      0x0000000000000000     0x1373
 .debug_loc     0x0000000000000000      0x3b5 ./User/main.o
 .debug_loc     0x00000000000003b5       0xb8 ./User/system_ch32v10x.o
 .debug_loc     0x000000000000046d      0x643 ./Peripheral/src/ch32v10x_gpio.o
 .debug_loc     0x0000000000000ab0      0x761 ./Peripheral/src/ch32v10x_rcc.o
 .debug_loc     0x0000000000001211      0x162 ./Debug/debug.o
